hier_k5 step=50: DM reference RMS SE=0.21009
hier_k5 step=50 M=256: 1050/5000 replicates
hier_k5 step=50 M=256: 1100/5000 replicates
hier_k5 step=50 M=256: 1150/5000 replicates
hier_k5 step=50 M=256: 1200/5000 replicates
hier_k5 step=50 M=256: 1250/5000 replicates
hier_k5 step=50 M=256: 1300/5000 replicates
hier_k5 step=50 M=256: 1350/5000 replicates
hier_k5 step=50 M=256: 1400/5000 replicates
hier_k5 step=50 M=256: 1450/5000 replicates
hier_k5 step=50 M=256: 1500/5000 replicates
hier_k5 step=50 M=256: 1550/5000 replicates
hier_k5 step=50 M=256: 1600/5000 replicates
hier_k5 step=50 M=256: 1650/5000 replicates
hier_k5 step=50 M=256: 1700/5000 replicates
hier_k5 step=50 M=256: 1750/5000 replicates
hier_k5 step=50 M=256: 1800/5000 replicates
hier_k5 step=50 M=256: 1850/5000 replicates
hier_k5 step=50 M=256: 1900/5000 replicates
hier_k5 step=50 M=256: 1950/5000 replicates
hier_k5 step=50 M=256: 2000/5000 replicates
hier_k5 step=50 M=256: 2050/5000 replicates
hier_k5 step=50 M=256: 2100/5000 replicates
hier_k5 step=50 M=256: 2150/5000 replicates
hier_k5 step=50 M=256: 2200/5000 replicates
hier_k5 step=50 M=256: 2250/5000 replicates
hier_k5 step=50 M=256: 2300/5000 replicates
hier_k5 step=50 M=256: 2350/5000 replicates
hier_k5 step=50 M=256: 2400/5000 replicates
hier_k5 step=50 M=256: 2450/5000 replicates
hier_k5 step=50 M=256: 2500/5000 replicates
hier_k5 step=50 M=256: 2550/5000 replicates
hier_k5 step=50 M=256: 2600/5000 replicates
hier_k5 step=50 M=256: 2650/5000 replicates
hier_k5 step=50 M=256: 2700/5000 replicates
hier_k5 step=50 M=256: 2750/5000 replicates
hier_k5 step=50 M=256: 2800/5000 replicates
hier_k5 step=50 M=256: 2850/5000 replicates
hier_k5 step=50 M=256: 2900/5000 replicates
hier_k5 step=50 M=256: 2950/5000 replicates
hier_k5 step=50 M=256: 3000/5000 replicates
hier_k5 step=50 M=256: 3050/5000 replicates
hier_k5 step=50 M=256: 3100/5000 replicates
hier_k5 step=50 M=256: 3150/5000 replicates
hier_k5 step=50 M=256: 3200/5000 replicates
hier_k5 step=50 M=256: 3250/5000 replicates
hier_k5 step=50 M=256: 3300/5000 replicates
hier_k5 step=50 M=256: 3350/5000 replicates
hier_k5 step=50 M=256: 3400/5000 replicates
hier_k5 step=50 M=256: 3450/5000 replicates
hier_k5 step=50 M=256: 3500/5000 replicates
hier_k5 step=50 M=256: 3550/5000 replicates
hier_k5 step=50 M=256: 3600/5000 replicates
hier_k5 step=50 M=256: 3650/5000 replicates
hier_k5 step=50 M=256: 3700/5000 replicates
hier_k5 step=50 M=256: 3750/5000 replicates
hier_k5 step=50 M=256: 3800/5000 replicates
hier_k5 step=50 M=256: 3850/5000 replicates
hier_k5 step=50 M=256: 3900/5000 replicates
hier_k5 step=50 M=256: 3950/5000 replicates
hier_k5 step=50 M=256: 4000/5000 replicates
hier_k5 step=50 M=256: 4050/5000 replicates
hier_k5 step=50 M=256: 4100/5000 replicates
hier_k5 step=50 M=256: 4150/5000 replicates
hier_k5 step=50 M=256: 4200/5000 replicates
hier_k5 step=50 M=256: 4250/5000 replicates
hier_k5 step=50 M=256: 4300/5000 replicates
hier_k5 step=50 M=256: 4350/5000 replicates
hier_k5 step=50 M=256: 4400/5000 replicates
hier_k5 step=50 M=256: 4450/5000 replicates
hier_k5 step=50 M=256: 4500/5000 replicates
hier_k5 step=50 M=256: 4550/5000 replicates
hier_k5 step=50 M=256: 4600/5000 replicates
hier_k5 step=50 M=256: 4650/5000 replicates
hier_k5 step=50 M=256: 4700/5000 replicates
hier_k5 step=50 M=256: 4750/5000 replicates
hier_k5 step=50 M=256: 4800/5000 replicates
hier_k5 step=50 M=256: 4850/5000 replicates
hier_k5 step=50 M=256: 4900/5000 replicates
hier_k5 step=50 M=256: 4950/5000 replicates
hier_k5 step=50 M=256: 5000/5000 replicates
{"regime": "hier_k5", "step": 50, "M": 256, "replicates": 5000, "variance": 4.347420943914853, "variance_bootstrap_lo": 4.27987436329629, "variance_bootstrap_hi": 4.413673645025028, "M_times_variance": 1112.9397616422023, "bias": 0.20238274818842594, "bias_rms_sampling_error": 0.21214522812391304, "bias_squared_corrected": -0.004046821051447276, "reference_rms_se": 0.2100859672299988, "otr_mean_rms_se": 0.029487017292072294, "reference_gradient_norm": 16.180584662846353, "dm_reference_samples_per_component": 20000, "reference_to_otr_se_ratio": 7.124693730433064, "nfe_mean": 55.886, "elapsed_s": 3285.923999071121, "largest_draw_variance_fraction": 0.0010628910227579594, "variance_first_half": 4.33365035839891, "variance_second_half": 4.3599989023834915, "parameter_count": 30, "variance_per_parameter": 0.14491403146382842}
hier_k5 step=50 M=1024: 1050/5000 replicates
hier_k5 step=50 M=1024: 1100/5000 replicates
hier_k5 step=50 M=1024: 1150/5000 replicates
hier_k5 step=50 M=1024: 1200/5000 replicates
hier_k5 step=50 M=1024: 1250/5000 replicates
hier_k5 step=50 M=1024: 1300/5000 replicates
hier_k5 step=50 M=1024: 1350/5000 replicates
hier_k5 step=50 M=1024: 1400/5000 replicates
hier_k5 step=50 M=1024: 1450/5000 replicates
hier_k5 step=50 M=1024: 1500/5000 replicates
hier_k5 step=50 M=1024: 1550/5000 replicates
hier_k5 step=50 M=1024: 1600/5000 replicates
hier_k5 step=50 M=1024: 1650/5000 replicates
hier_k5 step=50 M=1024: 1700/5000 replicates
hier_k5 step=50 M=1024: 1750/5000 replicates
hier_k5 step=50 M=1024: 1800/5000 replicates
hier_k5 step=50 M=1024: 1850/5000 replicates
hier_k5 step=50 M=1024: 1900/5000 replicates
hier_k5 step=50 M=1024: 1950/5000 replicates
hier_k5 step=50 M=1024: 2000/5000 replicates
hier_k5 step=50 M=1024: 2050/5000 replicates
hier_k5 step=50 M=1024: 2100/5000 replicates
hier_k5 step=50 M=1024: 2150/5000 replicates
hier_k5 step=50 M=1024: 2200/5000 replicates
hier_k5 step=50 M=1024: 2250/5000 replicates
hier_k5 step=50 M=1024: 2300/5000 replicates
hier_k5 step=50 M=1024: 2350/5000 replicates
hier_k5 step=50 M=1024: 2400/5000 replicates
hier_k5 step=50 M=1024: 2450/5000 replicates
hier_k5 step=50 M=1024: 2500/5000 replicates
hier_k5 step=50 M=1024: 2550/5000 replicates
hier_k5 step=50 M=1024: 2600/5000 replicates
hier_k5 step=50 M=1024: 2650/5000 replicates
hier_k5 step=50 M=1024: 2700/5000 replicates
hier_k5 step=50 M=1024: 2750/5000 replicates
hier_k5 step=50 M=1024: 2800/5000 replicates
hier_k5 step=50 M=1024: 2850/5000 replicates
hier_k5 step=50 M=1024: 2900/5000 replicates
hier_k5 step=50 M=1024: 2950/5000 replicates
hier_k5 step=50 M=1024: 3000/5000 replicates
hier_k5 step=50 M=1024: 3050/5000 replicates
hier_k5 step=50 M=1024: 3100/5000 replicates
hier_k5 step=50 M=1024: 3150/5000 replicates
hier_k5 step=50 M=1024: 3200/5000 replicates
hier_k5 step=50 M=1024: 3250/5000 replicates
hier_k5 step=50 M=1024: 3300/5000 replicates
hier_k5 step=50 M=1024: 3350/5000 replicates
hier_k5 step=50 M=1024: 3400/5000 replicates
hier_k5 step=50 M=1024: 3450/5000 replicates
hier_k5 step=50 M=1024: 3500/5000 replicates
hier_k5 step=50 M=1024: 3550/5000 replicates
hier_k5 step=50 M=1024: 3600/5000 replicates
hier_k5 step=50 M=1024: 3650/5000 replicates
hier_k5 step=50 M=1024: 3700/5000 replicates
hier_k5 step=50 M=1024: 3750/5000 replicates
hier_k5 step=50 M=1024: 3800/5000 replicates
hier_k5 step=50 M=1024: 3850/5000 replicates
hier_k5 step=50 M=1024: 3900/5000 replicates
hier_k5 step=50 M=1024: 3950/5000 replicates
hier_k5 step=50 M=1024: 4000/5000 replicates
hier_k5 step=50 M=1024: 4050/5000 replicates
hier_k5 step=50 M=1024: 4100/5000 replicates
hier_k5 step=50 M=1024: 4150/5000 replicates
hier_k5 step=50 M=1024: 4200/5000 replicates
hier_k5 step=50 M=1024: 4250/5000 replicates
hier_k5 step=50 M=1024: 4300/5000 replicates
hier_k5 step=50 M=1024: 4350/5000 replicates
hier_k5 step=50 M=1024: 4400/5000 replicates
hier_k5 step=50 M=1024: 4450/5000 replicates
hier_k5 step=50 M=1024: 4500/5000 replicates
hier_k5 step=50 M=1024: 4550/5000 replicates
hier_k5 step=50 M=1024: 4600/5000 replicates
hier_k5 step=50 M=1024: 4650/5000 replicates
hier_k5 step=50 M=1024: 4700/5000 replicates
hier_k5 step=50 M=1024: 4750/5000 replicates
hier_k5 step=50 M=1024: 4800/5000 replicates
hier_k5 step=50 M=1024: 4850/5000 replicates
hier_k5 step=50 M=1024: 4900/5000 replicates
hier_k5 step=50 M=1024: 4950/5000 replicates
hier_k5 step=50 M=1024: 5000/5000 replicates
{"regime": "hier_k5", "step": 50, "M": 1024, "replicates": 5000, "variance": 1.0947015573912902, "variance_bootstrap_lo": 1.0756258170377506, "variance_bootstrap_hi": 1.1129321554181317, "M_times_variance": 1120.9743947686811, "bias": 0.1981120443660711, "bias_rms_sampling_error": 0.21060639576813045, "bias_squared_corrected": -0.005106671815538276, "reference_rms_se": 0.2100859672299988, "otr_mean_rms_se": 0.014796631761257627, "reference_gradient_norm": 16.180584662846353, "dm_reference_samples_per_component": 20000, "reference_to_otr_se_ratio": 14.198229071299313, "nfe_mean": 55.994, "elapsed_s": 7470.9998779296875, "largest_draw_variance_fraction": 0.0009266080486694398, "variance_first_half": 1.0946333082309132, "variance_second_half": 1.0950397080491905, "parameter_count": 30, "variance_per_parameter": 0.036490051913043005}
hier_k5 step=50 M=4096: 1050/5000 replicates
hier_k5 step=50 M=4096: 1100/5000 replicates
hier_k5 step=50 M=4096: 1150/5000 replicates
hier_k5 step=50 M=4096: 1200/5000 replicates
hier_k5 step=50 M=4096: 1250/5000 replicates
hier_k5 step=50 M=4096: 1300/5000 replicates
hier_k5 step=50 M=4096: 1350/5000 replicates
hier_k5 step=50 M=4096: 1400/5000 replicates
hier_k5 step=50 M=4096: 1450/5000 replicates
hier_k5 step=50 M=4096: 1500/5000 replicates
hier_k5 step=50 M=4096: 1550/5000 replicates
hier_k5 step=50 M=4096: 1600/5000 replicates
hier_k5 step=50 M=4096: 1650/5000 replicates
hier_k5 step=50 M=4096: 1700/5000 replicates
hier_k5 step=50 M=4096: 1750/5000 replicates
hier_k5 step=50 M=4096: 1800/5000 replicates
hier_k5 step=50 M=4096: 1850/5000 replicates
hier_k5 step=50 M=4096: 1900/5000 replicates
hier_k5 step=50 M=4096: 1950/5000 replicates
hier_k5 step=50 M=4096: 2000/5000 replicates
hier_k5 step=50 M=4096: 2050/5000 replicates
hier_k5 step=50 M=4096: 2100/5000 replicates
hier_k5 step=50 M=4096: 2150/5000 replicates
hier_k5 step=50 M=4096: 2200/5000 replicates
hier_k5 step=50 M=4096: 2250/5000 replicates
hier_k5 step=50 M=4096: 2300/5000 replicates
hier_k5 step=50 M=4096: 2350/5000 replicates
hier_k5 step=50 M=4096: 2400/5000 replicates
hier_k5 step=50 M=4096: 2450/5000 replicates
hier_k5 step=50 M=4096: 2500/5000 replicates
hier_k5 step=50 M=4096: 2550/5000 replicates
hier_k5 step=50 M=4096: 2600/5000 replicates
hier_k5 step=50 M=4096: 2650/5000 replicates
hier_k5 step=50 M=4096: 2700/5000 replicates
hier_k5 step=50 M=4096: 2750/5000 replicates
hier_k5 step=50 M=4096: 2800/5000 replicates
hier_k5 step=50 M=4096: 2850/5000 replicates
hier_k5 step=50 M=4096: 2900/5000 replicates
hier_k5 step=50 M=4096: 2950/5000 replicates
hier_k5 step=50 M=4096: 3000/5000 replicates
hier_k5 step=50 M=4096: 3050/5000 replicates
hier_k5 step=50 M=4096: 3100/5000 replicates
hier_k5 step=50 M=4096: 3150/5000 replicates
hier_k5 step=50 M=4096: 3200/5000 replicates
hier_k5 step=50 M=4096: 3250/5000 replicates
hier_k5 step=50 M=4096: 3300/5000 replicates
hier_k5 step=50 M=4096: 3350/5000 replicates
hier_k5 step=50 M=4096: 3400/5000 replicates
hier_k5 step=50 M=4096: 3450/5000 replicates
hier_k5 step=50 M=4096: 3500/5000 replicates
hier_k5 step=50 M=4096: 3550/5000 replicates
hier_k5 step=50 M=4096: 3600/5000 replicates
hier_k5 step=50 M=4096: 3650/5000 replicates
hier_k5 step=50 M=4096: 3700/5000 replicates
hier_k5 step=50 M=4096: 3750/5000 replicates
hier_k5 step=50 M=4096: 3800/5000 replicates
hier_k5 step=50 M=4096: 3850/5000 replicates
hier_k5 step=50 M=4096: 3900/5000 replicates
hier_k5 step=50 M=4096: 3950/5000 replicates
hier_k5 step=50 M=4096: 4000/5000 replicates
hier_k5 step=50 M=4096: 4050/5000 replicates
hier_k5 step=50 M=4096: 4100/5000 replicates
hier_k5 step=50 M=4096: 4150/5000 replicates
hier_k5 step=50 M=4096: 4200/5000 replicates
hier_k5 step=50 M=4096: 4250/5000 replicates
hier_k5 step=50 M=4096: 4300/5000 replicates
hier_k5 step=50 M=4096: 4350/5000 replicates
hier_k5 step=50 M=4096: 4400/5000 replicates
hier_k5 step=50 M=4096: 4450/5000 replicates
hier_k5 step=50 M=4096: 4500/5000 replicates
hier_k5 step=50 M=4096: 4550/5000 replicates
hier_k5 step=50 M=4096: 4600/5000 replicates
hier_k5 step=50 M=4096: 4650/5000 replicates
hier_k5 step=50 M=4096: 4700/5000 replicates
hier_k5 step=50 M=4096: 4750/5000 replicates
hier_k5 step=50 M=4096: 4800/5000 replicates
hier_k5 step=50 M=4096: 4850/5000 replicates
hier_k5 step=50 M=4096: 4900/5000 replicates
hier_k5 step=50 M=4096: 4950/5000 replicates
hier_k5 step=50 M=4096: 5000/5000 replicates
{"regime": "hier_k5", "step": 50, "M": 4096, "replicates": 5000, "variance": 0.2745833274940842, "variance_bootstrap_lo": 0.2704809361966809, "variance_bootstrap_hi": 0.2792063420454363, "M_times_variance": 1124.693309415769, "bias": 0.19522443713066592, "bias_rms_sampling_error": 0.210216627059952, "bias_squared_corrected": -0.006078449439477621, "reference_rms_se": 0.2100859672299988, "otr_mean_rms_se": 0.007410577946342434, "reference_gradient_norm": 16.180584662846353, "dm_reference_samples_per_component": 20000, "reference_to_otr_se_ratio": 28.349471357181915, "nfe_mean": 56.0, "elapsed_s": 3105.39471411705, "largest_draw_variance_fraction": 0.001010361434215467, "variance_first_half": 0.27561252744867637, "variance_second_half": 0.27355441513738915, "parameter_count": 30, "variance_per_parameter": 0.009152777583136141}
hier_k5 step=50 M=16384: 1050/5000 replicates
hier_k5 step=50 M=16384: 1100/5000 replicates
hier_k5 step=50 M=16384: 1150/5000 replicates
hier_k5 step=50 M=16384: 1200/5000 replicates
hier_k5 step=50 M=16384: 1250/5000 replicates
hier_k5 step=50 M=16384: 1300/5000 replicates
hier_k5 step=50 M=16384: 1350/5000 replicates
hier_k5 step=50 M=16384: 1400/5000 replicates
hier_k5 step=50 M=16384: 1450/5000 replicates
hier_k5 step=50 M=16384: 1500/5000 replicates
hier_k5 step=50 M=16384: 1550/5000 replicates
hier_k5 step=50 M=16384: 1600/5000 replicates
hier_k5 step=50 M=16384: 1650/5000 replicates
hier_k5 step=50 M=16384: 1700/5000 replicates
hier_k5 step=50 M=16384: 1750/5000 replicates
hier_k5 step=50 M=16384: 1800/5000 replicates
hier_k5 step=50 M=16384: 1850/5000 replicates
hier_k5 step=50 M=16384: 1900/5000 replicates
hier_k5 step=50 M=16384: 1950/5000 replicates
hier_k5 step=50 M=16384: 2000/5000 replicates
hier_k5 step=50 M=16384: 2050/5000 replicates
hier_k5 step=50 M=16384: 2100/5000 replicates
hier_k5 step=50 M=16384: 2150/5000 replicates
hier_k5 step=50 M=16384: 2200/5000 replicates
hier_k5 step=50 M=16384: 2250/5000 replicates
hier_k5 step=50 M=16384: 2300/5000 replicates
hier_k5 step=50 M=16384: 2350/5000 replicates
hier_k5 step=50 M=16384: 2400/5000 replicates
hier_k5 step=50 M=16384: 2450/5000 replicates
hier_k5 step=50 M=16384: 2500/5000 replicates
hier_k5 step=50 M=16384: 2550/5000 replicates
hier_k5 step=50 M=16384: 2600/5000 replicates
hier_k5 step=50 M=16384: 2650/5000 replicates
hier_k5 step=50 M=16384: 2700/5000 replicates
hier_k5 step=50 M=16384: 2750/5000 replicates
hier_k5 step=50 M=16384: 2800/5000 replicates
hier_k5 step=50 M=16384: 2850/5000 replicates
hier_k5 step=50 M=16384: 2900/5000 replicates
hier_k5 step=50 M=16384: 2950/5000 replicates
hier_k5 step=50 M=16384: 3000/5000 replicates
hier_k5 step=50 M=16384: 3050/5000 replicates
hier_k5 step=50 M=16384: 3100/5000 replicates
hier_k5 step=50 M=16384: 3150/5000 replicates
hier_k5 step=50 M=16384: 3200/5000 replicates
hier_k5 step=50 M=16384: 3250/5000 replicates
hier_k5 step=50 M=16384: 3300/5000 replicates
hier_k5 step=50 M=16384: 3350/5000 replicates
hier_k5 step=50 M=16384: 3400/5000 replicates
hier_k5 step=50 M=16384: 3450/5000 replicates
hier_k5 step=50 M=16384: 3500/5000 replicates
hier_k5 step=50 M=16384: 3550/5000 replicates
hier_k5 step=50 M=16384: 3600/5000 replicates
hier_k5 step=50 M=16384: 3650/5000 replicates
hier_k5 step=50 M=16384: 3700/5000 replicates
hier_k5 step=50 M=16384: 3750/5000 replicates
hier_k5 step=50 M=16384: 3800/5000 replicates
hier_k5 step=50 M=16384: 3850/5000 replicates
hier_k5 step=50 M=16384: 3900/5000 replicates
hier_k5 step=50 M=16384: 3950/5000 replicates
hier_k5 step=50 M=16384: 4000/5000 replicates
hier_k5 step=50 M=16384: 4050/5000 replicates
hier_k5 step=50 M=16384: 4100/5000 replicates
hier_k5 step=50 M=16384: 4150/5000 replicates
hier_k5 step=50 M=16384: 4200/5000 replicates
hier_k5 step=50 M=16384: 4250/5000 replicates
hier_k5 step=50 M=16384: 4300/5000 replicates
hier_k5 step=50 M=16384: 4350/5000 replicates
hier_k5 step=50 M=16384: 4400/5000 replicates
hier_k5 step=50 M=16384: 4450/5000 replicates
hier_k5 step=50 M=16384: 4500/5000 replicates
hier_k5 step=50 M=16384: 4550/5000 replicates
hier_k5 step=50 M=16384: 4600/5000 replicates
hier_k5 step=50 M=16384: 4650/5000 replicates
hier_k5 step=50 M=16384: 4700/5000 replicates
hier_k5 step=50 M=16384: 4750/5000 replicates
hier_k5 step=50 M=16384: 4800/5000 replicates
hier_k5 step=50 M=16384: 4850/5000 replicates
hier_k5 step=50 M=16384: 4900/5000 replicates
hier_k5 step=50 M=16384: 4950/5000 replicates
hier_k5 step=50 M=16384: 5000/5000 replicates
{"regime": "hier_k5", "step": 50, "M": 16384, "replicates": 5000, "variance": 0.06822365346567685, "variance_bootstrap_lo": 0.06715224479369078, "variance_bootstrap_hi": 0.06924787130634621, "M_times_variance": 1117.7763383816496, "bias": 0.1973441077204641, "bias_rms_sampling_error": 0.21011843888068765, "bias_squared_corrected": -0.005205061505671134, "reference_rms_se": 0.2100859672299988, "otr_mean_rms_se": 0.003693877460492615, "reference_gradient_norm": 16.180584662846353, "dm_reference_samples_per_component": 20000, "reference_to_otr_se_ratio": 56.87410301964423, "nfe_mean": 56.0, "elapsed_s": 91977.11407208443, "largest_draw_variance_fraction": 0.0009385241129264224, "variance_first_half": 0.06842012141383644, "variance_second_half": 0.06802490412591022, "parameter_count": 30, "variance_per_parameter": 0.0022741217821892284}
hier_k5 step=250: DM reference RMS SE=0.38974
hier_k5 step=250 M=256: 1050/5000 replicates
hier_k5 step=250 M=256: 1100/5000 replicates
hier_k5 step=250 M=256: 1150/5000 replicates
hier_k5 step=250 M=256: 1200/5000 replicates
hier_k5 step=250 M=256: 1250/5000 replicates
hier_k5 step=250 M=256: 1300/5000 replicates
hier_k5 step=250 M=256: 1350/5000 replicates
hier_k5 step=250 M=256: 1400/5000 replicates
hier_k5 step=250 M=256: 1450/5000 replicates
hier_k5 step=250 M=256: 1500/5000 replicates
hier_k5 step=250 M=256: 1550/5000 replicates
hier_k5 step=250 M=256: 1600/5000 replicates
hier_k5 step=250 M=256: 1650/5000 replicates
hier_k5 step=250 M=256: 1700/5000 replicates
hier_k5 step=250 M=256: 1750/5000 replicates
hier_k5 step=250 M=256: 1800/5000 replicates
hier_k5 step=250 M=256: 1850/5000 replicates
hier_k5 step=250 M=256: 1900/5000 replicates
hier_k5 step=250 M=256: 1950/5000 replicates
hier_k5 step=250 M=256: 2000/5000 replicates
hier_k5 step=250 M=256: 2050/5000 replicates
hier_k5 step=250 M=256: 2100/5000 replicates
hier_k5 step=250 M=256: 2150/5000 replicates
hier_k5 step=250 M=256: 2200/5000 replicates
hier_k5 step=250 M=256: 2250/5000 replicates
hier_k5 step=250 M=256: 2300/5000 replicates
hier_k5 step=250 M=256: 2350/5000 replicates
hier_k5 step=250 M=256: 2400/5000 replicates
hier_k5 step=250 M=256: 2450/5000 replicates
hier_k5 step=250 M=256: 2500/5000 replicates
hier_k5 step=250 M=256: 2550/5000 replicates
hier_k5 step=250 M=256: 2600/5000 replicates
hier_k5 step=250 M=256: 2650/5000 replicates
hier_k5 step=250 M=256: 2700/5000 replicates
hier_k5 step=250 M=256: 2750/5000 replicates
hier_k5 step=250 M=256: 2800/5000 replicates
hier_k5 step=250 M=256: 2850/5000 replicates
hier_k5 step=250 M=256: 2900/5000 replicates
hier_k5 step=250 M=256: 2950/5000 replicates
hier_k5 step=250 M=256: 3000/5000 replicates
hier_k5 step=250 M=256: 3050/5000 replicates
hier_k5 step=250 M=256: 3100/5000 replicates
hier_k5 step=250 M=256: 3150/5000 replicates
hier_k5 step=250 M=256: 3200/5000 replicates
hier_k5 step=250 M=256: 3250/5000 replicates
hier_k5 step=250 M=256: 3300/5000 replicates
hier_k5 step=250 M=256: 3350/5000 replicates
hier_k5 step=250 M=256: 3400/5000 replicates
hier_k5 step=250 M=256: 3450/5000 replicates
hier_k5 step=250 M=256: 3500/5000 replicates
hier_k5 step=250 M=256: 3550/5000 replicates
hier_k5 step=250 M=256: 3600/5000 replicates
hier_k5 step=250 M=256: 3650/5000 replicates
hier_k5 step=250 M=256: 3700/5000 replicates
hier_k5 step=250 M=256: 3750/5000 replicates
hier_k5 step=250 M=256: 3800/5000 replicates
hier_k5 step=250 M=256: 3850/5000 replicates
hier_k5 step=250 M=256: 3900/5000 replicates
hier_k5 step=250 M=256: 3950/5000 replicates
hier_k5 step=250 M=256: 4000/5000 replicates
hier_k5 step=250 M=256: 4050/5000 replicates
hier_k5 step=250 M=256: 4100/5000 replicates
hier_k5 step=250 M=256: 4150/5000 replicates
hier_k5 step=250 M=256: 4200/5000 replicates
hier_k5 step=250 M=256: 4250/5000 replicates
hier_k5 step=250 M=256: 4300/5000 replicates
hier_k5 step=250 M=256: 4350/5000 replicates
hier_k5 step=250 M=256: 4400/5000 replicates
hier_k5 step=250 M=256: 4450/5000 replicates
hier_k5 step=250 M=256: 4500/5000 replicates
hier_k5 step=250 M=256: 4550/5000 replicates
hier_k5 step=250 M=256: 4600/5000 replicates
hier_k5 step=250 M=256: 4650/5000 replicates
hier_k5 step=250 M=256: 4700/5000 replicates
hier_k5 step=250 M=256: 4750/5000 replicates
hier_k5 step=250 M=256: 4800/5000 replicates
hier_k5 step=250 M=256: 4850/5000 replicates
hier_k5 step=250 M=256: 4900/5000 replicates
hier_k5 step=250 M=256: 4950/5000 replicates
hier_k5 step=250 M=256: 5000/5000 replicates
{"regime": "hier_k5", "step": 250, "M": 256, "replicates": 5000, "variance": 16.415126948998367, "variance_bootstrap_lo": 16.03929069129727, "variance_bootstrap_hi": 16.732036107625703, "M_times_variance": 4202.272498943582, "bias": 0.4115269342923237, "bias_rms_sampling_error": 0.3939253006296698, "bias_squared_corrected": 0.014177275171862763, "reference_rms_se": 0.38973595816446815, "otr_mean_rms_se": 0.05729769096394438, "reference_gradient_norm": 4.199007417309852, "dm_reference_samples_per_component": 20000, "reference_to_otr_se_ratio": 6.801948762816928, "nfe_mean": 62.2364, "elapsed_s": 154.62128615379333, "largest_draw_variance_fraction": 0.002913692929157973, "variance_first_half": 16.348877212851825, "variance_second_half": 16.480006821271196, "parameter_count": 30, "variance_per_parameter": 0.5471708982999456}
hier_k5 step=250 M=1024: 1050/5000 replicates
hier_k5 step=250 M=1024: 1100/5000 replicates
hier_k5 step=250 M=1024: 1150/5000 replicates
hier_k5 step=250 M=1024: 1200/5000 replicates
hier_k5 step=250 M=1024: 1250/5000 replicates
hier_k5 step=250 M=1024: 1300/5000 replicates
hier_k5 step=250 M=1024: 1350/5000 replicates
hier_k5 step=250 M=1024: 1400/5000 replicates
hier_k5 step=250 M=1024: 1450/5000 replicates
hier_k5 step=250 M=1024: 1500/5000 replicates
hier_k5 step=250 M=1024: 1550/5000 replicates
hier_k5 step=250 M=1024: 1600/5000 replicates
hier_k5 step=250 M=1024: 1650/5000 replicates
hier_k5 step=250 M=1024: 1700/5000 replicates
hier_k5 step=250 M=1024: 1750/5000 replicates
hier_k5 step=250 M=1024: 1800/5000 replicates
hier_k5 step=250 M=1024: 1850/5000 replicates
hier_k5 step=250 M=1024: 1900/5000 replicates
hier_k5 step=250 M=1024: 1950/5000 replicates
hier_k5 step=250 M=1024: 2000/5000 replicates
hier_k5 step=250 M=1024: 2050/5000 replicates
hier_k5 step=250 M=1024: 2100/5000 replicates
hier_k5 step=250 M=1024: 2150/5000 replicates
hier_k5 step=250 M=1024: 2200/5000 replicates
hier_k5 step=250 M=1024: 2250/5000 replicates
hier_k5 step=250 M=1024: 2300/5000 replicates
hier_k5 step=250 M=1024: 2350/5000 replicates
hier_k5 step=250 M=1024: 2400/5000 replicates
hier_k5 step=250 M=1024: 2450/5000 replicates
hier_k5 step=250 M=1024: 2500/5000 replicates
hier_k5 step=250 M=1024: 2550/5000 replicates
hier_k5 step=250 M=1024: 2600/5000 replicates
hier_k5 step=250 M=1024: 2650/5000 replicates
hier_k5 step=250 M=1024: 2700/5000 replicates
hier_k5 step=250 M=1024: 2750/5000 replicates
hier_k5 step=250 M=1024: 2800/5000 replicates
hier_k5 step=250 M=1024: 2850/5000 replicates
hier_k5 step=250 M=1024: 2900/5000 replicates
hier_k5 step=250 M=1024: 2950/5000 replicates
hier_k5 step=250 M=1024: 3000/5000 replicates
hier_k5 step=250 M=1024: 3050/5000 replicates
hier_k5 step=250 M=1024: 3100/5000 replicates
hier_k5 step=250 M=1024: 3150/5000 replicates
hier_k5 step=250 M=1024: 3200/5000 replicates
hier_k5 step=250 M=1024: 3250/5000 replicates
hier_k5 step=250 M=1024: 3300/5000 replicates
hier_k5 step=250 M=1024: 3350/5000 replicates
hier_k5 step=250 M=1024: 3400/5000 replicates
hier_k5 step=250 M=1024: 3450/5000 replicates
hier_k5 step=250 M=1024: 3500/5000 replicates
hier_k5 step=250 M=1024: 3550/5000 replicates
hier_k5 step=250 M=1024: 3600/5000 replicates
hier_k5 step=250 M=1024: 3650/5000 replicates
hier_k5 step=250 M=1024: 3700/5000 replicates
hier_k5 step=250 M=1024: 3750/5000 replicates
hier_k5 step=250 M=1024: 3800/5000 replicates
hier_k5 step=250 M=1024: 3850/5000 replicates
hier_k5 step=250 M=1024: 3900/5000 replicates
hier_k5 step=250 M=1024: 3950/5000 replicates
hier_k5 step=250 M=1024: 4000/5000 replicates
hier_k5 step=250 M=1024: 4050/5000 replicates
hier_k5 step=250 M=1024: 4100/5000 replicates
hier_k5 step=250 M=1024: 4150/5000 replicates
hier_k5 step=250 M=1024: 4200/5000 replicates
hier_k5 step=250 M=1024: 4250/5000 replicates
hier_k5 step=250 M=1024: 4300/5000 replicates
hier_k5 step=250 M=1024: 4350/5000 replicates
hier_k5 step=250 M=1024: 4400/5000 replicates
hier_k5 step=250 M=1024: 4450/5000 replicates
hier_k5 step=250 M=1024: 4500/5000 replicates
hier_k5 step=250 M=1024: 4550/5000 replicates
hier_k5 step=250 M=1024: 4600/5000 replicates
hier_k5 step=250 M=1024: 4650/5000 replicates
hier_k5 step=250 M=1024: 4700/5000 replicates
hier_k5 step=250 M=1024: 4750/5000 replicates
hier_k5 step=250 M=1024: 4800/5000 replicates
hier_k5 step=250 M=1024: 4850/5000 replicates
hier_k5 step=250 M=1024: 4900/5000 replicates
hier_k5 step=250 M=1024: 4950/5000 replicates
hier_k5 step=250 M=1024: 5000/5000 replicates
{"regime": "hier_k5", "step": 250, "M": 1024, "replicates": 5000, "variance": 4.0510992936049, "variance_bootstrap_lo": 3.9712890245614707, "variance_bootstrap_hi": 4.14194138932898, "M_times_variance": 4148.325676651418, "bias": 0.3505862906373995, "bias_rms_sampling_error": 0.3907740228637224, "bias_squared_corrected": -0.029793589762205905, "reference_rms_se": 0.38973595816446815, "otr_mean_rms_se": 0.028464361203458965, "reference_gradient_norm": 4.199007417309852, "dm_reference_samples_per_component": 20000, "reference_to_otr_se_ratio": 13.692067613205658, "nfe_mean": 60.3032, "elapsed_s": 273.4246950149536, "largest_draw_variance_fraction": 0.0018547358473789935, "variance_first_half": 4.072432841343325, "variance_second_half": 4.03086769682035, "parameter_count": 30, "variance_per_parameter": 0.13503664312016334}
hier_k5 step=250 M=4096: 1050/5000 replicates
hier_k5 step=250 M=4096: 1100/5000 replicates
hier_k5 step=250 M=4096: 1150/5000 replicates
hier_k5 step=250 M=4096: 1200/5000 replicates
hier_k5 step=250 M=4096: 1250/5000 replicates
hier_k5 step=250 M=4096: 1300/5000 replicates
hier_k5 step=250 M=4096: 1350/5000 replicates
hier_k5 step=250 M=4096: 1400/5000 replicates
hier_k5 step=250 M=4096: 1450/5000 replicates
hier_k5 step=250 M=4096: 1500/5000 replicates
hier_k5 step=250 M=4096: 1550/5000 replicates
hier_k5 step=250 M=4096: 1600/5000 replicates
hier_k5 step=250 M=4096: 1650/5000 replicates
hier_k5 step=250 M=4096: 1700/5000 replicates
hier_k5 step=250 M=4096: 1750/5000 replicates
hier_k5 step=250 M=4096: 1800/5000 replicates
hier_k5 step=250 M=4096: 1850/5000 replicates
hier_k5 step=250 M=4096: 1900/5000 replicates
hier_k5 step=250 M=4096: 1950/5000 replicates
hier_k5 step=250 M=4096: 2000/5000 replicates
hier_k5 step=250 M=4096: 2050/5000 replicates
hier_k5 step=250 M=4096: 2100/5000 replicates
hier_k5 step=250 M=4096: 2150/5000 replicates
hier_k5 step=250 M=4096: 2200/5000 replicates
hier_k5 step=250 M=4096: 2250/5000 replicates
hier_k5 step=250 M=4096: 2300/5000 replicates
hier_k5 step=250 M=4096: 2350/5000 replicates
hier_k5 step=250 M=4096: 2400/5000 replicates
hier_k5 step=250 M=4096: 2450/5000 replicates
hier_k5 step=250 M=4096: 2500/5000 replicates
hier_k5 step=250 M=4096: 2550/5000 replicates
hier_k5 step=250 M=4096: 2600/5000 replicates
hier_k5 step=250 M=4096: 2650/5000 replicates
hier_k5 step=250 M=4096: 2700/5000 replicates
hier_k5 step=250 M=4096: 2750/5000 replicates
hier_k5 step=250 M=4096: 2800/5000 replicates
hier_k5 step=250 M=4096: 2850/5000 replicates
hier_k5 step=250 M=4096: 2900/5000 replicates
hier_k5 step=250 M=4096: 2950/5000 replicates
hier_k5 step=250 M=4096: 3000/5000 replicates
hier_k5 step=250 M=4096: 3050/5000 replicates
hier_k5 step=250 M=4096: 3100/5000 replicates
hier_k5 step=250 M=4096: 3150/5000 replicates
hier_k5 step=250 M=4096: 3200/5000 replicates
hier_k5 step=250 M=4096: 3250/5000 replicates
hier_k5 step=250 M=4096: 3300/5000 replicates
hier_k5 step=250 M=4096: 3350/5000 replicates
hier_k5 step=250 M=4096: 3400/5000 replicates
hier_k5 step=250 M=4096: 3450/5000 replicates
hier_k5 step=250 M=4096: 3500/5000 replicates
hier_k5 step=250 M=4096: 3550/5000 replicates
hier_k5 step=250 M=4096: 3600/5000 replicates
hier_k5 step=250 M=4096: 3650/5000 replicates
hier_k5 step=250 M=4096: 3700/5000 replicates
hier_k5 step=250 M=4096: 3750/5000 replicates
hier_k5 step=250 M=4096: 3800/5000 replicates
hier_k5 step=250 M=4096: 3850/5000 replicates
hier_k5 step=250 M=4096: 3900/5000 replicates
hier_k5 step=250 M=4096: 3950/5000 replicates
hier_k5 step=250 M=4096: 4000/5000 replicates
hier_k5 step=250 M=4096: 4050/5000 replicates
hier_k5 step=250 M=4096: 4100/5000 replicates
hier_k5 step=250 M=4096: 4150/5000 replicates
hier_k5 step=250 M=4096: 4200/5000 replicates
hier_k5 step=250 M=4096: 4250/5000 replicates
hier_k5 step=250 M=4096: 4300/5000 replicates
hier_k5 step=250 M=4096: 4350/5000 replicates
hier_k5 step=250 M=4096: 4400/5000 replicates
hier_k5 step=250 M=4096: 4450/5000 replicates
hier_k5 step=250 M=4096: 4500/5000 replicates
hier_k5 step=250 M=4096: 4550/5000 replicates
hier_k5 step=250 M=4096: 4600/5000 replicates
hier_k5 step=250 M=4096: 4650/5000 replicates
hier_k5 step=250 M=4096: 4700/5000 replicates
hier_k5 step=250 M=4096: 4750/5000 replicates
hier_k5 step=250 M=4096: 4800/5000 replicates
hier_k5 step=250 M=4096: 4850/5000 replicates
hier_k5 step=250 M=4096: 4900/5000 replicates
hier_k5 step=250 M=4096: 4950/5000 replicates
hier_k5 step=250 M=4096: 5000/5000 replicates
{"regime": "hier_k5", "step": 250, "M": 4096, "replicates": 5000, "variance": 1.011106700457725, "variance_bootstrap_lo": 0.9887757044841793, "variance_bootstrap_hi": 1.029851524955176, "M_times_variance": 4141.493045074842, "bias": 0.3625915001751473, "bias_rms_sampling_error": 0.389995305646706, "bias_squared_corrected": -0.020623742427203773, "reference_rms_se": 0.38973595816446815, "otr_mean_rms_se": 0.014220454988907527, "reference_gradient_norm": 4.199007417309852, "dm_reference_samples_per_component": 20000, "reference_to_otr_se_ratio": 27.406715078278182, "nfe_mean": 58.4288, "elapsed_s": 709.7016837596893, "largest_draw_variance_fraction": 0.0019548676971086285, "variance_first_half": 1.020853039825405, "variance_second_half": 1.0013510704906552, "parameter_count": 30, "variance_per_parameter": 0.033703556681924166}
hier_k5 step=250 M=16384: 1050/5000 replicates
hier_k5 step=250 M=16384: 1100/5000 replicates
hier_k5 step=250 M=16384: 1150/5000 replicates
hier_k5 step=250 M=16384: 1200/5000 replicates
hier_k5 step=250 M=16384: 1250/5000 replicates
hier_k5 step=250 M=16384: 1300/5000 replicates
hier_k5 step=250 M=16384: 1350/5000 replicates
hier_k5 step=250 M=16384: 1400/5000 replicates
hier_k5 step=250 M=16384: 1450/5000 replicates
hier_k5 step=250 M=16384: 1500/5000 replicates
hier_k5 step=250 M=16384: 1550/5000 replicates
hier_k5 step=250 M=16384: 1600/5000 replicates
hier_k5 step=250 M=16384: 1650/5000 replicates
hier_k5 step=250 M=16384: 1700/5000 replicates
hier_k5 step=250 M=16384: 1750/5000 replicates
hier_k5 step=250 M=16384: 1800/5000 replicates
hier_k5 step=250 M=16384: 1850/5000 replicates
hier_k5 step=250 M=16384: 1900/5000 replicates
hier_k5 step=250 M=16384: 1950/5000 replicates
hier_k5 step=250 M=16384: 2000/5000 replicates
hier_k5 step=250 M=16384: 2050/5000 replicates
hier_k5 step=250 M=16384: 2100/5000 replicates
hier_k5 step=250 M=16384: 2150/5000 replicates
hier_k5 step=250 M=16384: 2200/5000 replicates
hier_k5 step=250 M=16384: 2250/5000 replicates
hier_k5 step=250 M=16384: 2300/5000 replicates
hier_k5 step=250 M=16384: 2350/5000 replicates
hier_k5 step=250 M=16384: 2400/5000 replicates
hier_k5 step=250 M=16384: 2450/5000 replicates
hier_k5 step=250 M=16384: 2500/5000 replicates
hier_k5 step=250 M=16384: 2550/5000 replicates
hier_k5 step=250 M=16384: 2600/5000 replicates
hier_k5 step=250 M=16384: 2650/5000 replicates
hier_k5 step=250 M=16384: 2700/5000 replicates
hier_k5 step=250 M=16384: 2750/5000 replicates
hier_k5 step=250 M=16384: 2800/5000 replicates
hier_k5 step=250 M=16384: 2850/5000 replicates
hier_k5 step=250 M=16384: 2900/5000 replicates
hier_k5 step=250 M=16384: 2950/5000 replicates
hier_k5 step=250 M=16384: 3000/5000 replicates
hier_k5 step=250 M=16384: 3050/5000 replicates
hier_k5 step=250 M=16384: 3100/5000 replicates
hier_k5 step=250 M=16384: 3150/5000 replicates
hier_k5 step=250 M=16384: 3200/5000 replicates
hier_k5 step=250 M=16384: 3250/5000 replicates
hier_k5 step=250 M=16384: 3300/5000 replicates
hier_k5 step=250 M=16384: 3350/5000 replicates
hier_k5 step=250 M=16384: 3400/5000 replicates
hier_k5 step=250 M=16384: 3450/5000 replicates
hier_k5 step=250 M=16384: 3500/5000 replicates
hier_k5 step=250 M=16384: 3550/5000 replicates
hier_k5 step=250 M=16384: 3600/5000 replicates
hier_k5 step=250 M=16384: 3650/5000 replicates
hier_k5 step=250 M=16384: 3700/5000 replicates
hier_k5 step=250 M=16384: 3750/5000 replicates
hier_k5 step=250 M=16384: 3800/5000 replicates
hier_k5 step=250 M=16384: 3850/5000 replicates
hier_k5 step=250 M=16384: 3900/5000 replicates
hier_k5 step=250 M=16384: 3950/5000 replicates
hier_k5 step=250 M=16384: 4000/5000 replicates
hier_k5 step=250 M=16384: 4050/5000 replicates
hier_k5 step=250 M=16384: 4100/5000 replicates
hier_k5 step=250 M=16384: 4150/5000 replicates
hier_k5 step=250 M=16384: 4200/5000 replicates
hier_k5 step=250 M=16384: 4250/5000 replicates
hier_k5 step=250 M=16384: 4300/5000 replicates
hier_k5 step=250 M=16384: 4350/5000 replicates
hier_k5 step=250 M=16384: 4400/5000 replicates
hier_k5 step=250 M=16384: 4450/5000 replicates
hier_k5 step=250 M=16384: 4500/5000 replicates
hier_k5 step=250 M=16384: 4550/5000 replicates
hier_k5 step=250 M=16384: 4600/5000 replicates
hier_k5 step=250 M=16384: 4650/5000 replicates
hier_k5 step=250 M=16384: 4700/5000 replicates
hier_k5 step=250 M=16384: 4750/5000 replicates
hier_k5 step=250 M=16384: 4800/5000 replicates
hier_k5 step=250 M=16384: 4850/5000 replicates
hier_k5 step=250 M=16384: 4900/5000 replicates
hier_k5 step=250 M=16384: 4950/5000 replicates
hier_k5 step=250 M=16384: 5000/5000 replicates
{"regime": "hier_k5", "step": 250, "M": 16384, "replicates": 5000, "variance": 0.25213780763974264, "variance_bootstrap_lo": 0.24664250963074064, "variance_bootstrap_hi": 0.25709012209567417, "M_times_variance": 4131.025840369543, "bias": 0.36788071984160176, "bias_rms_sampling_error": 0.389800647315912, "bias_squared_corrected": -0.016608320616728955, "reference_rms_se": 0.38973595816446815, "otr_mean_rms_se": 0.007101236619628199, "reference_gradient_norm": 4.199007417309852, "dm_reference_samples_per_component": 20000, "reference_to_otr_se_ratio": 54.88282943385059, "nfe_mean": 56.9612, "elapsed_s": 3206.995014190674, "largest_draw_variance_fraction": 0.0014050740614355282, "variance_first_half": 0.25042324433693663, "variance_second_half": 0.25386222247951684, "parameter_count": 30, "variance_per_parameter": 0.008404593587991421}
hier_k5 step=1000: DM reference RMS SE=0.093343
hier_k5 step=1000 M=256: 1050/5000 replicates
hier_k5 step=1000 M=256: 1100/5000 replicates
hier_k5 step=1000 M=256: 1150/5000 replicates
hier_k5 step=1000 M=256: 1200/5000 replicates
hier_k5 step=1000 M=256: 1250/5000 replicates
hier_k5 step=1000 M=256: 1300/5000 replicates
hier_k5 step=1000 M=256: 1350/5000 replicates
hier_k5 step=1000 M=256: 1400/5000 replicates
hier_k5 step=1000 M=256: 1450/5000 replicates
hier_k5 step=1000 M=256: 1500/5000 replicates
hier_k5 step=1000 M=256: 1550/5000 replicates
hier_k5 step=1000 M=256: 1600/5000 replicates
hier_k5 step=1000 M=256: 1650/5000 replicates
hier_k5 step=1000 M=256: 1700/5000 replicates
hier_k5 step=1000 M=256: 1750/5000 replicates
hier_k5 step=1000 M=256: 1800/5000 replicates
hier_k5 step=1000 M=256: 1850/5000 replicates
hier_k5 step=1000 M=256: 1900/5000 replicates
hier_k5 step=1000 M=256: 1950/5000 replicates
hier_k5 step=1000 M=256: 2000/5000 replicates
hier_k5 step=1000 M=256: 2050/5000 replicates
hier_k5 step=1000 M=256: 2100/5000 replicates
hier_k5 step=1000 M=256: 2150/5000 replicates
hier_k5 step=1000 M=256: 2200/5000 replicates
hier_k5 step=1000 M=256: 2250/5000 replicates
hier_k5 step=1000 M=256: 2300/5000 replicates
hier_k5 step=1000 M=256: 2350/5000 replicates
hier_k5 step=1000 M=256: 2400/5000 replicates
hier_k5 step=1000 M=256: 2450/5000 replicates
hier_k5 step=1000 M=256: 2500/5000 replicates
hier_k5 step=1000 M=256: 2550/5000 replicates
hier_k5 step=1000 M=256: 2600/5000 replicates
hier_k5 step=1000 M=256: 2650/5000 replicates
hier_k5 step=1000 M=256: 2700/5000 replicates
hier_k5 step=1000 M=256: 2750/5000 replicates
hier_k5 step=1000 M=256: 2800/5000 replicates
hier_k5 step=1000 M=256: 2850/5000 replicates
hier_k5 step=1000 M=256: 2900/5000 replicates
hier_k5 step=1000 M=256: 2950/5000 replicates
hier_k5 step=1000 M=256: 3000/5000 replicates
hier_k5 step=1000 M=256: 3050/5000 replicates
hier_k5 step=1000 M=256: 3100/5000 replicates
hier_k5 step=1000 M=256: 3150/5000 replicates
hier_k5 step=1000 M=256: 3200/5000 replicates
hier_k5 step=1000 M=256: 3250/5000 replicates
hier_k5 step=1000 M=256: 3300/5000 replicates
hier_k5 step=1000 M=256: 3350/5000 replicates
hier_k5 step=1000 M=256: 3400/5000 replicates
hier_k5 step=1000 M=256: 3450/5000 replicates
hier_k5 step=1000 M=256: 3500/5000 replicates
hier_k5 step=1000 M=256: 3550/5000 replicates
hier_k5 step=1000 M=256: 3600/5000 replicates
hier_k5 step=1000 M=256: 3650/5000 replicates
hier_k5 step=1000 M=256: 3700/5000 replicates
hier_k5 step=1000 M=256: 3750/5000 replicates
hier_k5 step=1000 M=256: 3800/5000 replicates
hier_k5 step=1000 M=256: 3850/5000 replicates
hier_k5 step=1000 M=256: 3900/5000 replicates
hier_k5 step=1000 M=256: 3950/5000 replicates
hier_k5 step=1000 M=256: 4000/5000 replicates
hier_k5 step=1000 M=256: 4050/5000 replicates
hier_k5 step=1000 M=256: 4100/5000 replicates
hier_k5 step=1000 M=256: 4150/5000 replicates
hier_k5 step=1000 M=256: 4200/5000 replicates
hier_k5 step=1000 M=256: 4250/5000 replicates
hier_k5 step=1000 M=256: 4300/5000 replicates
hier_k5 step=1000 M=256: 4350/5000 replicates
hier_k5 step=1000 M=256: 4400/5000 replicates
hier_k5 step=1000 M=256: 4450/5000 replicates
hier_k5 step=1000 M=256: 4500/5000 replicates
hier_k5 step=1000 M=256: 4550/5000 replicates
hier_k5 step=1000 M=256: 4600/5000 replicates
hier_k5 step=1000 M=256: 4650/5000 replicates
hier_k5 step=1000 M=256: 4700/5000 replicates
hier_k5 step=1000 M=256: 4750/5000 replicates
hier_k5 step=1000 M=256: 4800/5000 replicates
hier_k5 step=1000 M=256: 4850/5000 replicates
hier_k5 step=1000 M=256: 4900/5000 replicates
hier_k5 step=1000 M=256: 4950/5000 replicates
hier_k5 step=1000 M=256: 5000/5000 replicates
{"regime": "hier_k5", "step": 1000, "M": 256, "replicates": 5000, "variance": 2.191620003209921, "variance_bootstrap_lo": 2.1239763707684127, "variance_bootstrap_hi": 2.2663760265410313, "M_times_variance": 561.0547208217398, "bias": 0.1002607397010381, "bias_rms_sampling_error": 0.0956620721035291, "bias_squared_corrected": 0.0009009838862585173, "reference_rms_se": 0.09334295923367127, "otr_mean_rms_se": 0.02093618878024327, "reference_gradient_norm": 0.19575324264673777, "dm_reference_samples_per_component": 20000, "reference_to_otr_se_ratio": 4.458450399614072, "nfe_mean": 130.2416, "elapsed_s": 397.0284821987152, "largest_draw_variance_fraction": 0.005265264878329677, "variance_first_half": 2.0889641805671166, "variance_second_half": 2.2943667769365224, "parameter_count": 30, "variance_per_parameter": 0.07305400010699738}
hier_k5 step=1000 M=1024: 1050/5000 replicates
hier_k5 step=1000 M=1024: 1100/5000 replicates
hier_k5 step=1000 M=1024: 1150/5000 replicates
hier_k5 step=1000 M=1024: 1200/5000 replicates
hier_k5 step=1000 M=1024: 1250/5000 replicates
hier_k5 step=1000 M=1024: 1300/5000 replicates
hier_k5 step=1000 M=1024: 1350/5000 replicates
hier_k5 step=1000 M=1024: 1400/5000 replicates
hier_k5 step=1000 M=1024: 1450/5000 replicates
hier_k5 step=1000 M=1024: 1500/5000 replicates
hier_k5 step=1000 M=1024: 1550/5000 replicates
hier_k5 step=1000 M=1024: 1600/5000 replicates
hier_k5 step=1000 M=1024: 1650/5000 replicates
hier_k5 step=1000 M=1024: 1700/5000 replicates
hier_k5 step=1000 M=1024: 1750/5000 replicates
hier_k5 step=1000 M=1024: 1800/5000 replicates
hier_k5 step=1000 M=1024: 1850/5000 replicates
hier_k5 step=1000 M=1024: 1900/5000 replicates
hier_k5 step=1000 M=1024: 1950/5000 replicates
hier_k5 step=1000 M=1024: 2000/5000 replicates
hier_k5 step=1000 M=1024: 2050/5000 replicates
hier_k5 step=1000 M=1024: 2100/5000 replicates
hier_k5 step=1000 M=1024: 2150/5000 replicates
hier_k5 step=1000 M=1024: 2200/5000 replicates
hier_k5 step=1000 M=1024: 2250/5000 replicates
hier_k5 step=1000 M=1024: 2300/5000 replicates
hier_k5 step=1000 M=1024: 2350/5000 replicates
hier_k5 step=1000 M=1024: 2400/5000 replicates
hier_k5 step=1000 M=1024: 2450/5000 replicates
hier_k5 step=1000 M=1024: 2500/5000 replicates
hier_k5 step=1000 M=1024: 2550/5000 replicates
hier_k5 step=1000 M=1024: 2600/5000 replicates
hier_k5 step=1000 M=1024: 2650/5000 replicates
hier_k5 step=1000 M=1024: 2700/5000 replicates
hier_k5 step=1000 M=1024: 2750/5000 replicates
hier_k5 step=1000 M=1024: 2800/5000 replicates
hier_k5 step=1000 M=1024: 2850/5000 replicates
hier_k5 step=1000 M=1024: 2900/5000 replicates
hier_k5 step=1000 M=1024: 2950/5000 replicates
hier_k5 step=1000 M=1024: 3000/5000 replicates
hier_k5 step=1000 M=1024: 3050/5000 replicates
hier_k5 step=1000 M=1024: 3100/5000 replicates
hier_k5 step=1000 M=1024: 3150/5000 replicates
hier_k5 step=1000 M=1024: 3200/5000 replicates
hier_k5 step=1000 M=1024: 3250/5000 replicates
hier_k5 step=1000 M=1024: 3300/5000 replicates
hier_k5 step=1000 M=1024: 3350/5000 replicates
hier_k5 step=1000 M=1024: 3400/5000 replicates
hier_k5 step=1000 M=1024: 3450/5000 replicates
hier_k5 step=1000 M=1024: 3500/5000 replicates
hier_k5 step=1000 M=1024: 3550/5000 replicates
hier_k5 step=1000 M=1024: 3600/5000 replicates
hier_k5 step=1000 M=1024: 3650/5000 replicates
hier_k5 step=1000 M=1024: 3700/5000 replicates
hier_k5 step=1000 M=1024: 3750/5000 replicates
hier_k5 step=1000 M=1024: 3800/5000 replicates
hier_k5 step=1000 M=1024: 3850/5000 replicates
hier_k5 step=1000 M=1024: 3900/5000 replicates
hier_k5 step=1000 M=1024: 3950/5000 replicates
hier_k5 step=1000 M=1024: 4000/5000 replicates
hier_k5 step=1000 M=1024: 4050/5000 replicates
hier_k5 step=1000 M=1024: 4100/5000 replicates
hier_k5 step=1000 M=1024: 4150/5000 replicates
hier_k5 step=1000 M=1024: 4200/5000 replicates
hier_k5 step=1000 M=1024: 4250/5000 replicates
hier_k5 step=1000 M=1024: 4300/5000 replicates
hier_k5 step=1000 M=1024: 4350/5000 replicates
hier_k5 step=1000 M=1024: 4400/5000 replicates
hier_k5 step=1000 M=1024: 4450/5000 replicates
hier_k5 step=1000 M=1024: 4500/5000 replicates
hier_k5 step=1000 M=1024: 4550/5000 replicates
hier_k5 step=1000 M=1024: 4600/5000 replicates
hier_k5 step=1000 M=1024: 4650/5000 replicates
hier_k5 step=1000 M=1024: 4700/5000 replicates
hier_k5 step=1000 M=1024: 4750/5000 replicates
hier_k5 step=1000 M=1024: 4800/5000 replicates
hier_k5 step=1000 M=1024: 4850/5000 replicates
hier_k5 step=1000 M=1024: 4900/5000 replicates
hier_k5 step=1000 M=1024: 4950/5000 replicates
hier_k5 step=1000 M=1024: 5000/5000 replicates
{"regime": "hier_k5", "step": 1000, "M": 1024, "replicates": 5000, "variance": 0.5462525368034122, "variance_bootstrap_lo": 0.5332491306799009, "variance_bootstrap_hi": 0.5610233432481868, "M_times_variance": 559.3625976866941, "bias": 0.0892143393488943, "bias_rms_sampling_error": 0.0939263463883244, "bias_squared_corrected": -0.0008629602003998281, "reference_rms_se": 0.09334295923367127, "otr_mean_rms_se": 0.010452296750508112, "reference_gradient_norm": 0.19575324264673777, "dm_reference_samples_per_component": 20000, "reference_to_otr_se_ratio": 8.930377835774097, "nfe_mean": 145.5356, "elapsed_s": 1020.0024690628052, "largest_draw_variance_fraction": 0.0022700957984537235, "variance_first_half": 0.5448307298429839, "variance_second_half": 0.5477336200595451, "parameter_count": 30, "variance_per_parameter": 0.018208417893447074}
hier_k5 step=1000 M=4096: 1050/5000 replicates
hier_k5 step=1000 M=4096: 1100/5000 replicates
hier_k5 step=1000 M=4096: 1150/5000 replicates
hier_k5 step=1000 M=4096: 1200/5000 replicates
hier_k5 step=1000 M=4096: 1250/5000 replicates
hier_k5 step=1000 M=4096: 1300/5000 replicates
hier_k5 step=1000 M=4096: 1350/5000 replicates
hier_k5 step=1000 M=4096: 1400/5000 replicates
hier_k5 step=1000 M=4096: 1450/5000 replicates
hier_k5 step=1000 M=4096: 1500/5000 replicates
hier_k5 step=1000 M=4096: 1550/5000 replicates
hier_k5 step=1000 M=4096: 1600/5000 replicates
hier_k5 step=1000 M=4096: 1650/5000 replicates
hier_k5 step=1000 M=4096: 1700/5000 replicates
hier_k5 step=1000 M=4096: 1750/5000 replicates
hier_k5 step=1000 M=4096: 1800/5000 replicates
hier_k5 step=1000 M=4096: 1850/5000 replicates
hier_k5 step=1000 M=4096: 1900/5000 replicates
hier_k5 step=1000 M=4096: 1950/5000 replicates
hier_k5 step=1000 M=4096: 2000/5000 replicates
hier_k5 step=1000 M=4096: 2050/5000 replicates
hier_k5 step=1000 M=4096: 2100/5000 replicates
hier_k5 step=1000 M=4096: 2150/5000 replicates
hier_k5 step=1000 M=4096: 2200/5000 replicates
hier_k5 step=1000 M=4096: 2250/5000 replicates
hier_k5 step=1000 M=4096: 2300/5000 replicates
hier_k5 step=1000 M=4096: 2350/5000 replicates
hier_k5 step=1000 M=4096: 2400/5000 replicates
hier_k5 step=1000 M=4096: 2450/5000 replicates
hier_k5 step=1000 M=4096: 2500/5000 replicates
hier_k5 step=1000 M=4096: 2550/5000 replicates
hier_k5 step=1000 M=4096: 2600/5000 replicates
hier_k5 step=1000 M=4096: 2650/5000 replicates
hier_k5 step=1000 M=4096: 2700/5000 replicates
hier_k5 step=1000 M=4096: 2750/5000 replicates
hier_k5 step=1000 M=4096: 2800/5000 replicates
hier_k5 step=1000 M=4096: 2850/5000 replicates
hier_k5 step=1000 M=4096: 2900/5000 replicates
hier_k5 step=1000 M=4096: 2950/5000 replicates
hier_k5 step=1000 M=4096: 3000/5000 replicates
hier_k5 step=1000 M=4096: 3050/5000 replicates
hier_k5 step=1000 M=4096: 3100/5000 replicates
hier_k5 step=1000 M=4096: 3150/5000 replicates
hier_k5 step=1000 M=4096: 3200/5000 replicates
hier_k5 step=1000 M=4096: 3250/5000 replicates
hier_k5 step=1000 M=4096: 3300/5000 replicates
hier_k5 step=1000 M=4096: 3350/5000 replicates
hier_k5 step=1000 M=4096: 3400/5000 replicates
hier_k5 step=1000 M=4096: 3450/5000 replicates
hier_k5 step=1000 M=4096: 3500/5000 replicates
hier_k5 step=1000 M=4096: 3550/5000 replicates
hier_k5 step=1000 M=4096: 3600/5000 replicates
hier_k5 step=1000 M=4096: 3650/5000 replicates
hier_k5 step=1000 M=4096: 3700/5000 replicates
hier_k5 step=1000 M=4096: 3750/5000 replicates
hier_k5 step=1000 M=4096: 3800/5000 replicates
hier_k5 step=1000 M=4096: 3850/5000 replicates
hier_k5 step=1000 M=4096: 3900/5000 replicates
hier_k5 step=1000 M=4096: 3950/5000 replicates
hier_k5 step=1000 M=4096: 4000/5000 replicates
hier_k5 step=1000 M=4096: 4050/5000 replicates
hier_k5 step=1000 M=4096: 4100/5000 replicates
hier_k5 step=1000 M=4096: 4150/5000 replicates
hier_k5 step=1000 M=4096: 4200/5000 replicates
hier_k5 step=1000 M=4096: 4250/5000 replicates
hier_k5 step=1000 M=4096: 4300/5000 replicates
hier_k5 step=1000 M=4096: 4350/5000 replicates
hier_k5 step=1000 M=4096: 4400/5000 replicates
hier_k5 step=1000 M=4096: 4450/5000 replicates
hier_k5 step=1000 M=4096: 4500/5000 replicates
hier_k5 step=1000 M=4096: 4550/5000 replicates
hier_k5 step=1000 M=4096: 4600/5000 replicates
hier_k5 step=1000 M=4096: 4650/5000 replicates
hier_k5 step=1000 M=4096: 4700/5000 replicates
hier_k5 step=1000 M=4096: 4750/5000 replicates
hier_k5 step=1000 M=4096: 4800/5000 replicates
hier_k5 step=1000 M=4096: 4850/5000 replicates
hier_k5 step=1000 M=4096: 4900/5000 replicates
hier_k5 step=1000 M=4096: 4950/5000 replicates
hier_k5 step=1000 M=4096: 5000/5000 replicates
{"regime": "hier_k5", "step": 1000, "M": 4096, "replicates": 5000, "variance": 0.13711283592262002, "variance_bootstrap_lo": 0.13430172870067292, "variance_bootstrap_hi": 0.13946680293670496, "M_times_variance": 561.6141759390516, "bias": 0.09034281764669226, "bias_rms_sampling_error": 0.09348973529582454, "bias_squared_corrected": -0.0005785059053398482, "reference_rms_se": 0.09334295923367127, "otr_mean_rms_se": 0.005236656107147385, "reference_gradient_norm": 0.19575324264673777, "dm_reference_samples_per_component": 20000, "reference_to_otr_se_ratio": 17.8249167643966, "nfe_mean": 144.2408, "elapsed_s": 2166.614023208618, "largest_draw_variance_fraction": 0.0017589443001237769, "variance_first_half": 0.1365992123467194, "variance_second_half": 0.13764762522935883, "parameter_count": 30, "variance_per_parameter": 0.004570427864087334}
hier_k5 step=1000 M=16384: 400/5000 replicates
hier_k5 step=1000 M=16384: 450/5000 replicates
hier_k5 step=1000 M=16384: 500/5000 replicates
hier_k5 step=1000 M=16384: 550/5000 replicates
hier_k5 step=1000 M=16384: 600/5000 replicates
hier_k5 step=1000 M=16384: 650/5000 replicates
hier_k5 step=1000 M=16384: 700/5000 replicates
hier_k5 step=1000 M=16384: 750/5000 replicates
hier_k5 step=1000 M=16384: 800/5000 replicates
hier_k5 step=1000 M=16384: 850/5000 replicates
hier_k5 step=1000 M=16384: 900/5000 replicates
hier_k5 step=1000 M=16384: 950/5000 replicates
hier_k5 step=1000 M=16384: 1000/5000 replicates
hier_k5 step=1000 M=16384: 1050/5000 replicates
hier_k5 step=1000 M=16384: 1100/5000 replicates
hier_k5 step=1000 M=16384: 1150/5000 replicates
hier_k5 step=1000 M=16384: 1200/5000 replicates
hier_k5 step=1000 M=16384: 1250/5000 replicates
hier_k5 step=1000 M=16384: 1300/5000 replicates
hier_k5 step=1000 M=16384: 1350/5000 replicates
hier_k5 step=1000 M=16384: 1400/5000 replicates
hier_k5 step=1000 M=16384: 1450/5000 replicates
hier_k5 step=1000 M=16384: 1500/5000 replicates
hier_k5 step=1000 M=16384: 1550/5000 replicates
hier_k5 step=1000 M=16384: 1600/5000 replicates
hier_k5 step=1000 M=16384: 1650/5000 replicates
hier_k5 step=1000 M=16384: 1700/5000 replicates
hier_k5 step=1000 M=16384: 1750/5000 replicates
hier_k5 step=1000 M=16384: 1800/5000 replicates
hier_k5 step=1000 M=16384: 1850/5000 replicates
hier_k5 step=1000 M=16384: 1900/5000 replicates
hier_k5 step=1000 M=16384: 1950/5000 replicates
hier_k5 step=1000 M=16384: 2000/5000 replicates
hier_k5 step=1000 M=16384: 2050/5000 replicates
hier_k5 step=1000 M=16384: 2100/5000 replicates
hier_k5 step=1000 M=16384: 2150/5000 replicates
hier_k5 step=1000 M=16384: 2200/5000 replicates
hier_k5 step=1000 M=16384: 2250/5000 replicates
hier_k5 step=1000 M=16384: 2300/5000 replicates
hier_k5 step=1000 M=16384: 2350/5000 replicates
hier_k5 step=1000 M=16384: 2400/5000 replicates
hier_k5 step=1000 M=16384: 2450/5000 replicates
hier_k5 step=1000 M=16384: 2500/5000 replicates
hier_k5 step=1000 M=16384: 2550/5000 replicates
hier_k5 step=1000 M=16384: 2600/5000 replicates
hier_k5 step=1000 M=16384: 2650/5000 replicates
hier_k5 step=1000 M=16384: 2700/5000 replicates
hier_k5 step=1000 M=16384: 2750/5000 replicates
hier_k5 step=1000 M=16384: 2800/5000 replicates
hier_k5 step=1000 M=16384: 2850/5000 replicates
hier_k5 step=1000 M=16384: 2900/5000 replicates
hier_k5 step=1000 M=16384: 2950/5000 replicates
hier_k5 step=1000 M=16384: 3000/5000 replicates
hier_k5 step=1000 M=16384: 3050/5000 replicates
hier_k5 step=1000 M=16384: 3100/5000 replicates
hier_k5 step=1000 M=16384: 3150/5000 replicates
hier_k5 step=1000 M=16384: 3200/5000 replicates
hier_k5 step=1000 M=16384: 3250/5000 replicates
hier_k5 step=1000 M=16384: 3300/5000 replicates
hier_k5 step=1000 M=16384: 3350/5000 replicates
hier_k5 step=1000 M=16384: 3400/5000 replicates
hier_k5 step=1000 M=16384: 3450/5000 replicates
hier_k5 step=1000 M=16384: 3500/5000 replicates
hier_k5 step=1000 M=16384: 3550/5000 replicates
hier_k5 step=1000 M=16384: 3600/5000 replicates
hier_k5 step=1000 M=16384: 3650/5000 replicates
hier_k5 step=1000 M=16384: 3700/5000 replicates
hier_k5 step=1000 M=16384: 3750/5000 replicates
hier_k5 step=1000 M=16384: 3800/5000 replicates
hier_k5 step=1000 M=16384: 3850/5000 replicates
hier_k5 step=1000 M=16384: 3900/5000 replicates
hier_k5 step=1000 M=16384: 3950/5000 replicates
hier_k5 step=1000 M=16384: 4000/5000 replicates
hier_k5 step=1000 M=16384: 4050/5000 replicates
hier_k5 step=1000 M=16384: 4100/5000 replicates
hier_k5 step=1000 M=16384: 4150/5000 replicates
hier_k5 step=1000 M=16384: 4200/5000 replicates
hier_k5 step=1000 M=16384: 4250/5000 replicates
hier_k5 step=1000 M=16384: 4300/5000 replicates
hier_k5 step=1000 M=16384: 4350/5000 replicates
hier_k5 step=1000 M=16384: 4400/5000 replicates
hier_k5 step=1000 M=16384: 4450/5000 replicates
hier_k5 step=1000 M=16384: 4500/5000 replicates
hier_k5 step=1000 M=16384: 4550/5000 replicates
hier_k5 step=1000 M=16384: 4600/5000 replicates
hier_k5 step=1000 M=16384: 4650/5000 replicates
hier_k5 step=1000 M=16384: 4700/5000 replicates
hier_k5 step=1000 M=16384: 4750/5000 replicates
hier_k5 step=1000 M=16384: 4800/5000 replicates
hier_k5 step=1000 M=16384: 4850/5000 replicates
hier_k5 step=1000 M=16384: 4900/5000 replicates
hier_k5 step=1000 M=16384: 4950/5000 replicates
hier_k5 step=1000 M=16384: 5000/5000 replicates
{"regime": "hier_k5", "step": 1000, "M": 16384, "replicates": 5000, "variance": 0.03526582817431887, "variance_bootstrap_lo": 0.034733380133346835, "variance_bootstrap_hi": 0.03587380784395597, "M_times_variance": 577.7953288080404, "bias": 0.09023788949961146, "bias_rms_sampling_error": 0.093380732510158, "bias_squared_corrected": -0.0005770845027895898, "reference_rms_se": 0.09334295923367127, "otr_mean_rms_se": 0.002655779666098785, "reference_gradient_norm": 0.19575324264673777, "dm_reference_samples_per_component": 20000, "reference_to_otr_se_ratio": 35.147102158059546, "nfe_mean": 142.8236, "elapsed_s": 9809.197656154633, "largest_draw_variance_fraction": 0.0013164082669495866, "variance_first_half": 0.034980264468742, "variance_second_half": 0.035547454627839974, "parameter_count": 30, "variance_per_parameter": 0.001175527605810629}
