rosenbrock_extreme step=50: DM reference RMS SE=0.039482
rosenbrock_extreme step=50 M=256: 1050/5000 replicates
rosenbrock_extreme step=50 M=256: 1100/5000 replicates
rosenbrock_extreme step=50 M=256: 1150/5000 replicates
rosenbrock_extreme step=50 M=256: 1200/5000 replicates
rosenbrock_extreme step=50 M=256: 1250/5000 replicates
rosenbrock_extreme step=50 M=256: 1300/5000 replicates
rosenbrock_extreme step=50 M=256: 1350/5000 replicates
rosenbrock_extreme step=50 M=256: 1400/5000 replicates
rosenbrock_extreme step=50 M=256: 1450/5000 replicates
rosenbrock_extreme step=50 M=256: 1500/5000 replicates
rosenbrock_extreme step=50 M=256: 1550/5000 replicates
rosenbrock_extreme step=50 M=256: 1600/5000 replicates
rosenbrock_extreme step=50 M=256: 1650/5000 replicates
rosenbrock_extreme step=50 M=256: 1700/5000 replicates
rosenbrock_extreme step=50 M=256: 1750/5000 replicates
rosenbrock_extreme step=50 M=256: 1800/5000 replicates
rosenbrock_extreme step=50 M=256: 1850/5000 replicates
rosenbrock_extreme step=50 M=256: 1900/5000 replicates
rosenbrock_extreme step=50 M=256: 1950/5000 replicates
rosenbrock_extreme step=50 M=256: 2000/5000 replicates
rosenbrock_extreme step=50 M=256: 2050/5000 replicates
rosenbrock_extreme step=50 M=256: 2100/5000 replicates
rosenbrock_extreme step=50 M=256: 2150/5000 replicates
rosenbrock_extreme step=50 M=256: 2200/5000 replicates
rosenbrock_extreme step=50 M=256: 2250/5000 replicates
rosenbrock_extreme step=50 M=256: 2300/5000 replicates
rosenbrock_extreme step=50 M=256: 2350/5000 replicates
rosenbrock_extreme step=50 M=256: 2400/5000 replicates
rosenbrock_extreme step=50 M=256: 2450/5000 replicates
rosenbrock_extreme step=50 M=256: 2500/5000 replicates
rosenbrock_extreme step=50 M=256: 2550/5000 replicates
rosenbrock_extreme step=50 M=256: 2600/5000 replicates
rosenbrock_extreme step=50 M=256: 2650/5000 replicates
rosenbrock_extreme step=50 M=256: 2700/5000 replicates
rosenbrock_extreme step=50 M=256: 2750/5000 replicates
rosenbrock_extreme step=50 M=256: 2800/5000 replicates
rosenbrock_extreme step=50 M=256: 2850/5000 replicates
rosenbrock_extreme step=50 M=256: 2900/5000 replicates
rosenbrock_extreme step=50 M=256: 2950/5000 replicates
rosenbrock_extreme step=50 M=256: 3000/5000 replicates
rosenbrock_extreme step=50 M=256: 3050/5000 replicates
rosenbrock_extreme step=50 M=256: 3100/5000 replicates
rosenbrock_extreme step=50 M=256: 3150/5000 replicates
rosenbrock_extreme step=50 M=256: 3200/5000 replicates
rosenbrock_extreme step=50 M=256: 3250/5000 replicates
rosenbrock_extreme step=50 M=256: 3300/5000 replicates
rosenbrock_extreme step=50 M=256: 3350/5000 replicates
rosenbrock_extreme step=50 M=256: 3400/5000 replicates
rosenbrock_extreme step=50 M=256: 3450/5000 replicates
rosenbrock_extreme step=50 M=256: 3500/5000 replicates
rosenbrock_extreme step=50 M=256: 3550/5000 replicates
rosenbrock_extreme step=50 M=256: 3600/5000 replicates
rosenbrock_extreme step=50 M=256: 3650/5000 replicates
rosenbrock_extreme step=50 M=256: 3700/5000 replicates
rosenbrock_extreme step=50 M=256: 3750/5000 replicates
rosenbrock_extreme step=50 M=256: 3800/5000 replicates
rosenbrock_extreme step=50 M=256: 3850/5000 replicates
rosenbrock_extreme step=50 M=256: 3900/5000 replicates
rosenbrock_extreme step=50 M=256: 3950/5000 replicates
rosenbrock_extreme step=50 M=256: 4000/5000 replicates
rosenbrock_extreme step=50 M=256: 4050/5000 replicates
rosenbrock_extreme step=50 M=256: 4100/5000 replicates
rosenbrock_extreme step=50 M=256: 4150/5000 replicates
rosenbrock_extreme step=50 M=256: 4200/5000 replicates
rosenbrock_extreme step=50 M=256: 4250/5000 replicates
rosenbrock_extreme step=50 M=256: 4300/5000 replicates
rosenbrock_extreme step=50 M=256: 4350/5000 replicates
rosenbrock_extreme step=50 M=256: 4400/5000 replicates
rosenbrock_extreme step=50 M=256: 4450/5000 replicates
rosenbrock_extreme step=50 M=256: 4500/5000 replicates
rosenbrock_extreme step=50 M=256: 4550/5000 replicates
rosenbrock_extreme step=50 M=256: 4600/5000 replicates
rosenbrock_extreme step=50 M=256: 4650/5000 replicates
rosenbrock_extreme step=50 M=256: 4700/5000 replicates
rosenbrock_extreme step=50 M=256: 4750/5000 replicates
rosenbrock_extreme step=50 M=256: 4800/5000 replicates
rosenbrock_extreme step=50 M=256: 4850/5000 replicates
rosenbrock_extreme step=50 M=256: 4900/5000 replicates
rosenbrock_extreme step=50 M=256: 4950/5000 replicates
rosenbrock_extreme step=50 M=256: 5000/5000 replicates
{"regime": "rosenbrock_extreme", "step": 50, "M": 256, "replicates": 5000, "variance": 0.42194489152717135, "variance_bootstrap_lo": 0.40854906388397466, "variance_bootstrap_hi": 0.43346382702647235, "M_times_variance": 108.01789223095587, "bias": 0.059335981159743166, "bias_rms_sampling_error": 0.04053663856398351, "bias_squared_corrected": 0.0018775395941223606, "reference_rms_se": 0.03948202233626845, "otr_mean_rms_se": 0.009186347386498851, "reference_gradient_norm": 1.3177516927571515, "dm_reference_samples_per_component": 20000, "reference_to_otr_se_ratio": 4.297902166675633, "nfe_mean": 81.0968, "elapsed_s": 167.3287341594696, "largest_draw_variance_fraction": 0.003979759768388352, "variance_first_half": 0.4184091092043795, "variance_second_half": 0.4255701273020197, "parameter_count": 30, "variance_per_parameter": 0.01406482971757238}
rosenbrock_extreme step=50 M=1024: 1050/5000 replicates
rosenbrock_extreme step=50 M=1024: 1100/5000 replicates
rosenbrock_extreme step=50 M=1024: 1150/5000 replicates
rosenbrock_extreme step=50 M=1024: 1200/5000 replicates
rosenbrock_extreme step=50 M=1024: 1250/5000 replicates
rosenbrock_extreme step=50 M=1024: 1300/5000 replicates
rosenbrock_extreme step=50 M=1024: 1350/5000 replicates
rosenbrock_extreme step=50 M=1024: 1400/5000 replicates
rosenbrock_extreme step=50 M=1024: 1450/5000 replicates
rosenbrock_extreme step=50 M=1024: 1500/5000 replicates
rosenbrock_extreme step=50 M=1024: 1550/5000 replicates
rosenbrock_extreme step=50 M=1024: 1600/5000 replicates
rosenbrock_extreme step=50 M=1024: 1650/5000 replicates
rosenbrock_extreme step=50 M=1024: 1700/5000 replicates
rosenbrock_extreme step=50 M=1024: 1750/5000 replicates
rosenbrock_extreme step=50 M=1024: 1800/5000 replicates
rosenbrock_extreme step=50 M=1024: 1850/5000 replicates
rosenbrock_extreme step=50 M=1024: 1900/5000 replicates
rosenbrock_extreme step=50 M=1024: 1950/5000 replicates
rosenbrock_extreme step=50 M=1024: 2000/5000 replicates
rosenbrock_extreme step=50 M=1024: 2050/5000 replicates
rosenbrock_extreme step=50 M=1024: 2100/5000 replicates
rosenbrock_extreme step=50 M=1024: 2150/5000 replicates
rosenbrock_extreme step=50 M=1024: 2200/5000 replicates
rosenbrock_extreme step=50 M=1024: 2250/5000 replicates
rosenbrock_extreme step=50 M=1024: 2300/5000 replicates
rosenbrock_extreme step=50 M=1024: 2350/5000 replicates
rosenbrock_extreme step=50 M=1024: 2400/5000 replicates
rosenbrock_extreme step=50 M=1024: 2450/5000 replicates
rosenbrock_extreme step=50 M=1024: 2500/5000 replicates
rosenbrock_extreme step=50 M=1024: 2550/5000 replicates
rosenbrock_extreme step=50 M=1024: 2600/5000 replicates
rosenbrock_extreme step=50 M=1024: 2650/5000 replicates
rosenbrock_extreme step=50 M=1024: 2700/5000 replicates
rosenbrock_extreme step=50 M=1024: 2750/5000 replicates
rosenbrock_extreme step=50 M=1024: 2800/5000 replicates
rosenbrock_extreme step=50 M=1024: 2850/5000 replicates
rosenbrock_extreme step=50 M=1024: 2900/5000 replicates
rosenbrock_extreme step=50 M=1024: 2950/5000 replicates
rosenbrock_extreme step=50 M=1024: 3000/5000 replicates
rosenbrock_extreme step=50 M=1024: 3050/5000 replicates
rosenbrock_extreme step=50 M=1024: 3100/5000 replicates
rosenbrock_extreme step=50 M=1024: 3150/5000 replicates
rosenbrock_extreme step=50 M=1024: 3200/5000 replicates
rosenbrock_extreme step=50 M=1024: 3250/5000 replicates
rosenbrock_extreme step=50 M=1024: 3300/5000 replicates
rosenbrock_extreme step=50 M=1024: 3350/5000 replicates
rosenbrock_extreme step=50 M=1024: 3400/5000 replicates
rosenbrock_extreme step=50 M=1024: 3450/5000 replicates
rosenbrock_extreme step=50 M=1024: 3500/5000 replicates
rosenbrock_extreme step=50 M=1024: 3550/5000 replicates
rosenbrock_extreme step=50 M=1024: 3600/5000 replicates
rosenbrock_extreme step=50 M=1024: 3650/5000 replicates
rosenbrock_extreme step=50 M=1024: 3700/5000 replicates
rosenbrock_extreme step=50 M=1024: 3750/5000 replicates
rosenbrock_extreme step=50 M=1024: 3800/5000 replicates
rosenbrock_extreme step=50 M=1024: 3850/5000 replicates
rosenbrock_extreme step=50 M=1024: 3900/5000 replicates
rosenbrock_extreme step=50 M=1024: 3950/5000 replicates
rosenbrock_extreme step=50 M=1024: 4000/5000 replicates
rosenbrock_extreme step=50 M=1024: 4050/5000 replicates
rosenbrock_extreme step=50 M=1024: 4100/5000 replicates
rosenbrock_extreme step=50 M=1024: 4150/5000 replicates
rosenbrock_extreme step=50 M=1024: 4200/5000 replicates
rosenbrock_extreme step=50 M=1024: 4250/5000 replicates
rosenbrock_extreme step=50 M=1024: 4300/5000 replicates
rosenbrock_extreme step=50 M=1024: 4350/5000 replicates
rosenbrock_extreme step=50 M=1024: 4400/5000 replicates
rosenbrock_extreme step=50 M=1024: 4450/5000 replicates
rosenbrock_extreme step=50 M=1024: 4500/5000 replicates
rosenbrock_extreme step=50 M=1024: 4550/5000 replicates
rosenbrock_extreme step=50 M=1024: 4600/5000 replicates
rosenbrock_extreme step=50 M=1024: 4650/5000 replicates
rosenbrock_extreme step=50 M=1024: 4700/5000 replicates
rosenbrock_extreme step=50 M=1024: 4750/5000 replicates
rosenbrock_extreme step=50 M=1024: 4800/5000 replicates
rosenbrock_extreme step=50 M=1024: 4850/5000 replicates
rosenbrock_extreme step=50 M=1024: 4900/5000 replicates
rosenbrock_extreme step=50 M=1024: 4950/5000 replicates
rosenbrock_extreme step=50 M=1024: 5000/5000 replicates
{"regime": "rosenbrock_extreme", "step": 50, "M": 1024, "replicates": 5000, "variance": 0.10342977890701596, "variance_bootstrap_lo": 0.10090457419958924, "variance_bootstrap_hi": 0.10559590569766376, "M_times_variance": 105.91209360078435, "bias": 0.058816207027287244, "bias_rms_sampling_error": 0.03974312573946599, "bias_squared_corrected": 0.001879830165533709, "reference_rms_se": 0.03948202233626845, "otr_mean_rms_se": 0.004548181590636327, "reference_gradient_norm": 1.3177516927571515, "dm_reference_samples_per_component": 20000, "reference_to_otr_se_ratio": 8.68083684643396, "nfe_mean": 80.954, "elapsed_s": 700.2312409877777, "largest_draw_variance_fraction": 0.0018212482224689434, "variance_first_half": 0.1011738896556827, "variance_second_half": 0.10570151722772415, "parameter_count": 30, "variance_per_parameter": 0.003447659296900532}
rosenbrock_extreme step=50 M=4096: 1050/5000 replicates
rosenbrock_extreme step=50 M=4096: 1100/5000 replicates
rosenbrock_extreme step=50 M=4096: 1150/5000 replicates
rosenbrock_extreme step=50 M=4096: 1200/5000 replicates
rosenbrock_extreme step=50 M=4096: 1250/5000 replicates
rosenbrock_extreme step=50 M=4096: 1300/5000 replicates
rosenbrock_extreme step=50 M=4096: 1350/5000 replicates
rosenbrock_extreme step=50 M=4096: 1400/5000 replicates
rosenbrock_extreme step=50 M=4096: 1450/5000 replicates
rosenbrock_extreme step=50 M=4096: 1500/5000 replicates
rosenbrock_extreme step=50 M=4096: 1550/5000 replicates
rosenbrock_extreme step=50 M=4096: 1600/5000 replicates
rosenbrock_extreme step=50 M=4096: 1650/5000 replicates
rosenbrock_extreme step=50 M=4096: 1700/5000 replicates
rosenbrock_extreme step=50 M=4096: 1750/5000 replicates
rosenbrock_extreme step=50 M=4096: 1800/5000 replicates
rosenbrock_extreme step=50 M=4096: 1850/5000 replicates
rosenbrock_extreme step=50 M=4096: 1900/5000 replicates
rosenbrock_extreme step=50 M=4096: 1950/5000 replicates
rosenbrock_extreme step=50 M=4096: 2000/5000 replicates
rosenbrock_extreme step=50 M=4096: 2050/5000 replicates
rosenbrock_extreme step=50 M=4096: 2100/5000 replicates
rosenbrock_extreme step=50 M=4096: 2150/5000 replicates
rosenbrock_extreme step=50 M=4096: 2200/5000 replicates
rosenbrock_extreme step=50 M=4096: 2250/5000 replicates
rosenbrock_extreme step=50 M=4096: 2300/5000 replicates
rosenbrock_extreme step=50 M=4096: 2350/5000 replicates
rosenbrock_extreme step=50 M=4096: 2400/5000 replicates
rosenbrock_extreme step=50 M=4096: 2450/5000 replicates
rosenbrock_extreme step=50 M=4096: 2500/5000 replicates
rosenbrock_extreme step=50 M=4096: 2550/5000 replicates
rosenbrock_extreme step=50 M=4096: 2600/5000 replicates
rosenbrock_extreme step=50 M=4096: 2650/5000 replicates
rosenbrock_extreme step=50 M=4096: 2700/5000 replicates
rosenbrock_extreme step=50 M=4096: 2750/5000 replicates
rosenbrock_extreme step=50 M=4096: 2800/5000 replicates
rosenbrock_extreme step=50 M=4096: 2850/5000 replicates
rosenbrock_extreme step=50 M=4096: 2900/5000 replicates
rosenbrock_extreme step=50 M=4096: 2950/5000 replicates
rosenbrock_extreme step=50 M=4096: 3000/5000 replicates
rosenbrock_extreme step=50 M=4096: 3050/5000 replicates
rosenbrock_extreme step=50 M=4096: 3100/5000 replicates
rosenbrock_extreme step=50 M=4096: 3150/5000 replicates
rosenbrock_extreme step=50 M=4096: 3200/5000 replicates
rosenbrock_extreme step=50 M=4096: 3250/5000 replicates
rosenbrock_extreme step=50 M=4096: 3300/5000 replicates
rosenbrock_extreme step=50 M=4096: 3350/5000 replicates
rosenbrock_extreme step=50 M=4096: 3400/5000 replicates
rosenbrock_extreme step=50 M=4096: 3450/5000 replicates
rosenbrock_extreme step=50 M=4096: 3500/5000 replicates
rosenbrock_extreme step=50 M=4096: 3550/5000 replicates
rosenbrock_extreme step=50 M=4096: 3600/5000 replicates
rosenbrock_extreme step=50 M=4096: 3650/5000 replicates
rosenbrock_extreme step=50 M=4096: 3700/5000 replicates
rosenbrock_extreme step=50 M=4096: 3750/5000 replicates
rosenbrock_extreme step=50 M=4096: 3800/5000 replicates
rosenbrock_extreme step=50 M=4096: 3850/5000 replicates
rosenbrock_extreme step=50 M=4096: 3900/5000 replicates
rosenbrock_extreme step=50 M=4096: 3950/5000 replicates
rosenbrock_extreme step=50 M=4096: 4000/5000 replicates
rosenbrock_extreme step=50 M=4096: 4050/5000 replicates
rosenbrock_extreme step=50 M=4096: 4100/5000 replicates
rosenbrock_extreme step=50 M=4096: 4150/5000 replicates
rosenbrock_extreme step=50 M=4096: 4200/5000 replicates
rosenbrock_extreme step=50 M=4096: 4250/5000 replicates
rosenbrock_extreme step=50 M=4096: 4300/5000 replicates
rosenbrock_extreme step=50 M=4096: 4350/5000 replicates
rosenbrock_extreme step=50 M=4096: 4400/5000 replicates
rosenbrock_extreme step=50 M=4096: 4450/5000 replicates
rosenbrock_extreme step=50 M=4096: 4500/5000 replicates
rosenbrock_extreme step=50 M=4096: 4550/5000 replicates
rosenbrock_extreme step=50 M=4096: 4600/5000 replicates
rosenbrock_extreme step=50 M=4096: 4650/5000 replicates
rosenbrock_extreme step=50 M=4096: 4700/5000 replicates
rosenbrock_extreme step=50 M=4096: 4750/5000 replicates
rosenbrock_extreme step=50 M=4096: 4800/5000 replicates
rosenbrock_extreme step=50 M=4096: 4850/5000 replicates
rosenbrock_extreme step=50 M=4096: 4900/5000 replicates
rosenbrock_extreme step=50 M=4096: 4950/5000 replicates
rosenbrock_extreme step=50 M=4096: 5000/5000 replicates
{"regime": "rosenbrock_extreme", "step": 50, "M": 4096, "replicates": 5000, "variance": 0.02595705634578561, "variance_bootstrap_lo": 0.025406522059150803, "variance_bootstrap_hi": 0.026508577552001717, "M_times_variance": 106.32010279233786, "bias": 0.0573210887929566, "bias_rms_sampling_error": 0.03954771167881598, "bias_squared_corrected": 0.001721685721379257, "reference_rms_se": 0.03948202233626845, "otr_mean_rms_se": 0.0022784668681280233, "reference_gradient_norm": 1.3177516927571515, "dm_reference_samples_per_component": 20000, "reference_to_otr_se_ratio": 17.328328486385534, "nfe_mean": 80.5304, "elapsed_s": 1988.2712547779083, "largest_draw_variance_fraction": 0.0014581206147811895, "variance_first_half": 0.02638471943206171, "variance_second_half": 0.02553158264936486, "parameter_count": 30, "variance_per_parameter": 0.0008652352115261871}
rosenbrock_extreme step=50 M=16384: 1050/5000 replicates
rosenbrock_extreme step=50 M=16384: 1100/5000 replicates
rosenbrock_extreme step=50 M=16384: 1150/5000 replicates
rosenbrock_extreme step=50 M=16384: 1200/5000 replicates
rosenbrock_extreme step=50 M=16384: 1250/5000 replicates
rosenbrock_extreme step=50 M=16384: 1300/5000 replicates
rosenbrock_extreme step=50 M=16384: 1350/5000 replicates
rosenbrock_extreme step=50 M=16384: 1400/5000 replicates
rosenbrock_extreme step=50 M=16384: 1450/5000 replicates
rosenbrock_extreme step=50 M=16384: 1500/5000 replicates
rosenbrock_extreme step=50 M=16384: 1550/5000 replicates
rosenbrock_extreme step=50 M=16384: 1600/5000 replicates
rosenbrock_extreme step=50 M=16384: 1650/5000 replicates
rosenbrock_extreme step=50 M=16384: 1700/5000 replicates
rosenbrock_extreme step=50 M=16384: 1750/5000 replicates
rosenbrock_extreme step=50 M=16384: 1800/5000 replicates
rosenbrock_extreme step=50 M=16384: 1850/5000 replicates
rosenbrock_extreme step=50 M=16384: 1900/5000 replicates
rosenbrock_extreme step=50 M=16384: 1950/5000 replicates
rosenbrock_extreme step=50 M=16384: 2000/5000 replicates
rosenbrock_extreme step=50 M=16384: 2050/5000 replicates
rosenbrock_extreme step=50 M=16384: 2100/5000 replicates
rosenbrock_extreme step=50 M=16384: 2150/5000 replicates
rosenbrock_extreme step=50 M=16384: 2200/5000 replicates
rosenbrock_extreme step=50 M=16384: 2250/5000 replicates
rosenbrock_extreme step=50 M=16384: 2300/5000 replicates
rosenbrock_extreme step=50 M=16384: 2350/5000 replicates
rosenbrock_extreme step=50 M=16384: 2400/5000 replicates
rosenbrock_extreme step=50 M=16384: 2450/5000 replicates
rosenbrock_extreme step=50 M=16384: 2500/5000 replicates
rosenbrock_extreme step=50 M=16384: 2550/5000 replicates
rosenbrock_extreme step=50 M=16384: 2600/5000 replicates
rosenbrock_extreme step=50 M=16384: 2650/5000 replicates
rosenbrock_extreme step=50 M=16384: 2700/5000 replicates
rosenbrock_extreme step=50 M=16384: 2750/5000 replicates
rosenbrock_extreme step=50 M=16384: 2800/5000 replicates
rosenbrock_extreme step=50 M=16384: 2850/5000 replicates
rosenbrock_extreme step=50 M=16384: 2900/5000 replicates
rosenbrock_extreme step=50 M=16384: 2950/5000 replicates
rosenbrock_extreme step=50 M=16384: 3000/5000 replicates
rosenbrock_extreme step=50 M=16384: 3050/5000 replicates
rosenbrock_extreme step=50 M=16384: 3100/5000 replicates
rosenbrock_extreme step=50 M=16384: 3150/5000 replicates
rosenbrock_extreme step=50 M=16384: 3200/5000 replicates
rosenbrock_extreme step=50 M=16384: 3250/5000 replicates
rosenbrock_extreme step=50 M=16384: 3300/5000 replicates
rosenbrock_extreme step=50 M=16384: 3350/5000 replicates
rosenbrock_extreme step=50 M=16384: 3400/5000 replicates
rosenbrock_extreme step=50 M=16384: 3450/5000 replicates
rosenbrock_extreme step=50 M=16384: 3500/5000 replicates
rosenbrock_extreme step=50 M=16384: 3550/5000 replicates
rosenbrock_extreme step=50 M=16384: 3600/5000 replicates
rosenbrock_extreme step=50 M=16384: 3650/5000 replicates
rosenbrock_extreme step=50 M=16384: 3700/5000 replicates
rosenbrock_extreme step=50 M=16384: 3750/5000 replicates
rosenbrock_extreme step=50 M=16384: 3800/5000 replicates
rosenbrock_extreme step=50 M=16384: 3850/5000 replicates
rosenbrock_extreme step=50 M=16384: 3900/5000 replicates
rosenbrock_extreme step=50 M=16384: 3950/5000 replicates
rosenbrock_extreme step=50 M=16384: 4000/5000 replicates
rosenbrock_extreme step=50 M=16384: 4050/5000 replicates
rosenbrock_extreme step=50 M=16384: 4100/5000 replicates
rosenbrock_extreme step=50 M=16384: 4150/5000 replicates
rosenbrock_extreme step=50 M=16384: 4200/5000 replicates
rosenbrock_extreme step=50 M=16384: 4250/5000 replicates
rosenbrock_extreme step=50 M=16384: 4300/5000 replicates
rosenbrock_extreme step=50 M=16384: 4350/5000 replicates
rosenbrock_extreme step=50 M=16384: 4400/5000 replicates
rosenbrock_extreme step=50 M=16384: 4450/5000 replicates
rosenbrock_extreme step=50 M=16384: 4500/5000 replicates
rosenbrock_extreme step=50 M=16384: 4550/5000 replicates
rosenbrock_extreme step=50 M=16384: 4600/5000 replicates
rosenbrock_extreme step=50 M=16384: 4650/5000 replicates
rosenbrock_extreme step=50 M=16384: 4700/5000 replicates
rosenbrock_extreme step=50 M=16384: 4750/5000 replicates
rosenbrock_extreme step=50 M=16384: 4800/5000 replicates
rosenbrock_extreme step=50 M=16384: 4850/5000 replicates
rosenbrock_extreme step=50 M=16384: 4900/5000 replicates
rosenbrock_extreme step=50 M=16384: 4950/5000 replicates
rosenbrock_extreme step=50 M=16384: 5000/5000 replicates
{"regime": "rosenbrock_extreme", "step": 50, "M": 16384, "replicates": 5000, "variance": 0.006510765021166133, "variance_bootstrap_lo": 0.006388738010827442, "variance_bootstrap_hi": 0.006643069298730943, "M_times_variance": 106.67237410678592, "bias": 0.0584419836276195, "bias_rms_sampling_error": 0.039498509348655605, "bias_squared_corrected": 0.0018553332095651114, "reference_rms_se": 0.03948202233626845, "otr_mean_rms_se": 0.0011411191893195148, "reference_gradient_norm": 1.3177516927571515, "dm_reference_samples_per_component": 20000, "reference_to_otr_se_ratio": 34.59938515258237, "nfe_mean": 80.228, "elapsed_s": 7355.923541069031, "largest_draw_variance_fraction": 0.0012622629248806934, "variance_first_half": 0.006592742160906144, "variance_second_half": 0.006429502962058641, "parameter_count": 30, "variance_per_parameter": 0.00021702550070553777}
rosenbrock_extreme step=250: DM reference RMS SE=0.035618
rosenbrock_extreme step=250 M=256: 1050/5000 replicates
rosenbrock_extreme step=250 M=256: 1100/5000 replicates
rosenbrock_extreme step=250 M=256: 1150/5000 replicates
rosenbrock_extreme step=250 M=256: 1200/5000 replicates
rosenbrock_extreme step=250 M=256: 1250/5000 replicates
rosenbrock_extreme step=250 M=256: 1300/5000 replicates
rosenbrock_extreme step=250 M=256: 1350/5000 replicates
rosenbrock_extreme step=250 M=256: 1400/5000 replicates
rosenbrock_extreme step=250 M=256: 1450/5000 replicates
rosenbrock_extreme step=250 M=256: 1500/5000 replicates
rosenbrock_extreme step=250 M=256: 1550/5000 replicates
rosenbrock_extreme step=250 M=256: 1600/5000 replicates
rosenbrock_extreme step=250 M=256: 1650/5000 replicates
rosenbrock_extreme step=250 M=256: 1700/5000 replicates
rosenbrock_extreme step=250 M=256: 1750/5000 replicates
rosenbrock_extreme step=250 M=256: 1800/5000 replicates
rosenbrock_extreme step=250 M=256: 1850/5000 replicates
rosenbrock_extreme step=250 M=256: 1900/5000 replicates
rosenbrock_extreme step=250 M=256: 1950/5000 replicates
rosenbrock_extreme step=250 M=256: 2000/5000 replicates
rosenbrock_extreme step=250 M=256: 2050/5000 replicates
rosenbrock_extreme step=250 M=256: 2100/5000 replicates
rosenbrock_extreme step=250 M=256: 2150/5000 replicates
rosenbrock_extreme step=250 M=256: 2200/5000 replicates
rosenbrock_extreme step=250 M=256: 2250/5000 replicates
rosenbrock_extreme step=250 M=256: 2300/5000 replicates
rosenbrock_extreme step=250 M=256: 2350/5000 replicates
rosenbrock_extreme step=250 M=256: 2400/5000 replicates
rosenbrock_extreme step=250 M=256: 2450/5000 replicates
rosenbrock_extreme step=250 M=256: 2500/5000 replicates
rosenbrock_extreme step=250 M=256: 2550/5000 replicates
rosenbrock_extreme step=250 M=256: 2600/5000 replicates
rosenbrock_extreme step=250 M=256: 2650/5000 replicates
rosenbrock_extreme step=250 M=256: 2700/5000 replicates
rosenbrock_extreme step=250 M=256: 2750/5000 replicates
rosenbrock_extreme step=250 M=256: 2800/5000 replicates
rosenbrock_extreme step=250 M=256: 2850/5000 replicates
rosenbrock_extreme step=250 M=256: 2900/5000 replicates
rosenbrock_extreme step=250 M=256: 2950/5000 replicates
rosenbrock_extreme step=250 M=256: 3000/5000 replicates
rosenbrock_extreme step=250 M=256: 3050/5000 replicates
rosenbrock_extreme step=250 M=256: 3100/5000 replicates
rosenbrock_extreme step=250 M=256: 3150/5000 replicates
rosenbrock_extreme step=250 M=256: 3200/5000 replicates
rosenbrock_extreme step=250 M=256: 3250/5000 replicates
rosenbrock_extreme step=250 M=256: 3300/5000 replicates
rosenbrock_extreme step=250 M=256: 3350/5000 replicates
rosenbrock_extreme step=250 M=256: 3400/5000 replicates
rosenbrock_extreme step=250 M=256: 3450/5000 replicates
rosenbrock_extreme step=250 M=256: 3500/5000 replicates
rosenbrock_extreme step=250 M=256: 3550/5000 replicates
rosenbrock_extreme step=250 M=256: 3600/5000 replicates
rosenbrock_extreme step=250 M=256: 3650/5000 replicates
rosenbrock_extreme step=250 M=256: 3700/5000 replicates
rosenbrock_extreme step=250 M=256: 3750/5000 replicates
rosenbrock_extreme step=250 M=256: 3800/5000 replicates
rosenbrock_extreme step=250 M=256: 3850/5000 replicates
rosenbrock_extreme step=250 M=256: 3900/5000 replicates
rosenbrock_extreme step=250 M=256: 3950/5000 replicates
rosenbrock_extreme step=250 M=256: 4000/5000 replicates
rosenbrock_extreme step=250 M=256: 4050/5000 replicates
rosenbrock_extreme step=250 M=256: 4100/5000 replicates
rosenbrock_extreme step=250 M=256: 4150/5000 replicates
rosenbrock_extreme step=250 M=256: 4200/5000 replicates
rosenbrock_extreme step=250 M=256: 4250/5000 replicates
rosenbrock_extreme step=250 M=256: 4300/5000 replicates
rosenbrock_extreme step=250 M=256: 4350/5000 replicates
rosenbrock_extreme step=250 M=256: 4400/5000 replicates
rosenbrock_extreme step=250 M=256: 4450/5000 replicates
rosenbrock_extreme step=250 M=256: 4500/5000 replicates
rosenbrock_extreme step=250 M=256: 4550/5000 replicates
rosenbrock_extreme step=250 M=256: 4600/5000 replicates
rosenbrock_extreme step=250 M=256: 4650/5000 replicates
rosenbrock_extreme step=250 M=256: 4700/5000 replicates
rosenbrock_extreme step=250 M=256: 4750/5000 replicates
rosenbrock_extreme step=250 M=256: 4800/5000 replicates
rosenbrock_extreme step=250 M=256: 4850/5000 replicates
rosenbrock_extreme step=250 M=256: 4900/5000 replicates
rosenbrock_extreme step=250 M=256: 4950/5000 replicates
rosenbrock_extreme step=250 M=256: 5000/5000 replicates
{"regime": "rosenbrock_extreme", "step": 250, "M": 256, "replicates": 5000, "variance": 10.724699891113056, "variance_bootstrap_lo": 0.6017158225799571, "variance_bootstrap_hi": 31.105908365084545, "M_times_variance": 2745.5231721249424, "bias": 0.06996101198668431, "bias_rms_sampling_error": 0.05842615198731359, "bias_squared_corrected": 0.001480927962156318, "reference_rms_se": 0.03561846793198798, "otr_mean_rms_se": 0.04631349671772378, "reference_gradient_norm": 0.25911902076075227, "dm_reference_samples_per_component": 20000, "reference_to_otr_se_ratio": 0.7690731742644925, "nfe_mean": 131.1164, "elapsed_s": 728.4866423606873, "largest_draw_variance_fraction": 0.907858778332272, "variance_first_half": 20.13789388741819, "variance_second_half": 1.3121293051880853, "parameter_count": 30, "variance_per_parameter": 0.3574899963704352}
rosenbrock_extreme step=250 M=1024: 1050/5000 replicates
rosenbrock_extreme step=250 M=1024: 1100/5000 replicates
rosenbrock_extreme step=250 M=1024: 1150/5000 replicates
rosenbrock_extreme step=250 M=1024: 1200/5000 replicates
rosenbrock_extreme step=250 M=1024: 1250/5000 replicates
rosenbrock_extreme step=250 M=1024: 1300/5000 replicates
rosenbrock_extreme step=250 M=1024: 1350/5000 replicates
rosenbrock_extreme step=250 M=1024: 1400/5000 replicates
rosenbrock_extreme step=250 M=1024: 1450/5000 replicates
rosenbrock_extreme step=250 M=1024: 1500/5000 replicates
rosenbrock_extreme step=250 M=1024: 1550/5000 replicates
rosenbrock_extreme step=250 M=1024: 1600/5000 replicates
rosenbrock_extreme step=250 M=1024: 1650/5000 replicates
rosenbrock_extreme step=250 M=1024: 1700/5000 replicates
rosenbrock_extreme step=250 M=1024: 1750/5000 replicates
rosenbrock_extreme step=250 M=1024: 1800/5000 replicates
rosenbrock_extreme step=250 M=1024: 1850/5000 replicates
rosenbrock_extreme step=250 M=1024: 1900/5000 replicates
rosenbrock_extreme step=250 M=1024: 1950/5000 replicates
rosenbrock_extreme step=250 M=1024: 2000/5000 replicates
rosenbrock_extreme step=250 M=1024: 2050/5000 replicates
rosenbrock_extreme step=250 M=1024: 2100/5000 replicates
rosenbrock_extreme step=250 M=1024: 2150/5000 replicates
rosenbrock_extreme step=250 M=1024: 2200/5000 replicates
rosenbrock_extreme step=250 M=1024: 2250/5000 replicates
rosenbrock_extreme step=250 M=1024: 2300/5000 replicates
rosenbrock_extreme step=250 M=1024: 2350/5000 replicates
rosenbrock_extreme step=250 M=1024: 2400/5000 replicates
rosenbrock_extreme step=250 M=1024: 2450/5000 replicates
rosenbrock_extreme step=250 M=1024: 2500/5000 replicates
rosenbrock_extreme step=250 M=1024: 2550/5000 replicates
rosenbrock_extreme step=250 M=1024: 2600/5000 replicates
rosenbrock_extreme step=250 M=1024: 2650/5000 replicates
rosenbrock_extreme step=250 M=1024: 2700/5000 replicates
rosenbrock_extreme step=250 M=1024: 2750/5000 replicates
rosenbrock_extreme step=250 M=1024: 2800/5000 replicates
rosenbrock_extreme step=250 M=1024: 2850/5000 replicates
rosenbrock_extreme step=250 M=1024: 2900/5000 replicates
rosenbrock_extreme step=250 M=1024: 2950/5000 replicates
rosenbrock_extreme step=250 M=1024: 3000/5000 replicates
rosenbrock_extreme step=250 M=1024: 3050/5000 replicates
rosenbrock_extreme step=250 M=1024: 3100/5000 replicates
rosenbrock_extreme step=250 M=1024: 3150/5000 replicates
rosenbrock_extreme step=250 M=1024: 3200/5000 replicates
rosenbrock_extreme step=250 M=1024: 3250/5000 replicates
rosenbrock_extreme step=250 M=1024: 3300/5000 replicates
rosenbrock_extreme step=250 M=1024: 3350/5000 replicates
rosenbrock_extreme step=250 M=1024: 3400/5000 replicates
rosenbrock_extreme step=250 M=1024: 3450/5000 replicates
rosenbrock_extreme step=250 M=1024: 3500/5000 replicates
rosenbrock_extreme step=250 M=1024: 3550/5000 replicates
rosenbrock_extreme step=250 M=1024: 3600/5000 replicates
rosenbrock_extreme step=250 M=1024: 3650/5000 replicates
rosenbrock_extreme step=250 M=1024: 3700/5000 replicates
rosenbrock_extreme step=250 M=1024: 3750/5000 replicates
rosenbrock_extreme step=250 M=1024: 3800/5000 replicates
rosenbrock_extreme step=250 M=1024: 3850/5000 replicates
rosenbrock_extreme step=250 M=1024: 3900/5000 replicates
rosenbrock_extreme step=250 M=1024: 3950/5000 replicates
rosenbrock_extreme step=250 M=1024: 4000/5000 replicates
rosenbrock_extreme step=250 M=1024: 4050/5000 replicates
rosenbrock_extreme step=250 M=1024: 4100/5000 replicates
rosenbrock_extreme step=250 M=1024: 4150/5000 replicates
rosenbrock_extreme step=250 M=1024: 4200/5000 replicates
rosenbrock_extreme step=250 M=1024: 4250/5000 replicates
rosenbrock_extreme step=250 M=1024: 4300/5000 replicates
rosenbrock_extreme step=250 M=1024: 4350/5000 replicates
rosenbrock_extreme step=250 M=1024: 4400/5000 replicates
rosenbrock_extreme step=250 M=1024: 4450/5000 replicates
rosenbrock_extreme step=250 M=1024: 4500/5000 replicates
rosenbrock_extreme step=250 M=1024: 4550/5000 replicates
rosenbrock_extreme step=250 M=1024: 4600/5000 replicates
rosenbrock_extreme step=250 M=1024: 4650/5000 replicates
rosenbrock_extreme step=250 M=1024: 4700/5000 replicates
rosenbrock_extreme step=250 M=1024: 4750/5000 replicates
rosenbrock_extreme step=250 M=1024: 4800/5000 replicates
rosenbrock_extreme step=250 M=1024: 4850/5000 replicates
rosenbrock_extreme step=250 M=1024: 4900/5000 replicates
rosenbrock_extreme step=250 M=1024: 4950/5000 replicates
rosenbrock_extreme step=250 M=1024: 5000/5000 replicates
{"regime": "rosenbrock_extreme", "step": 250, "M": 1024, "replicates": 5000, "variance": 1.2559339606567745, "variance_bootstrap_lo": 0.27201341864203693, "variance_bootstrap_hi": 3.1909372543993277, "M_times_variance": 1286.0763757125371, "bias": 0.025781763213638426, "bias_rms_sampling_error": 0.03898540816707466, "bias_squared_corrected": -0.000855162735549292, "reference_rms_se": 0.03561846793198798, "otr_mean_rms_se": 0.015848873528782885, "reference_gradient_norm": 0.25911902076075227, "dm_reference_samples_per_component": 20000, "reference_to_otr_se_ratio": 2.2473816746219755, "nfe_mean": 135.4544, "elapsed_s": 2309.1584510803223, "largest_draw_variance_fraction": 0.7479359271673728, "variance_first_half": 2.2137774175921274, "variance_second_half": 0.2978902969802, "parameter_count": 30, "variance_per_parameter": 0.04186446535522582}
rosenbrock_extreme step=250 M=4096: 1050/5000 replicates
rosenbrock_extreme step=250 M=4096: 1100/5000 replicates
rosenbrock_extreme step=250 M=4096: 1150/5000 replicates
rosenbrock_extreme step=250 M=4096: 1200/5000 replicates
rosenbrock_extreme step=250 M=4096: 1250/5000 replicates
rosenbrock_extreme step=250 M=4096: 1300/5000 replicates
rosenbrock_extreme step=250 M=4096: 1350/5000 replicates
rosenbrock_extreme step=250 M=4096: 1400/5000 replicates
rosenbrock_extreme step=250 M=4096: 1450/5000 replicates
rosenbrock_extreme step=250 M=4096: 1500/5000 replicates
rosenbrock_extreme step=250 M=4096: 1550/5000 replicates
rosenbrock_extreme step=250 M=4096: 1600/5000 replicates
rosenbrock_extreme step=250 M=4096: 1650/5000 replicates
rosenbrock_extreme step=250 M=4096: 1700/5000 replicates
rosenbrock_extreme step=250 M=4096: 1750/5000 replicates
rosenbrock_extreme step=250 M=4096: 1800/5000 replicates
rosenbrock_extreme step=250 M=4096: 1850/5000 replicates
rosenbrock_extreme step=250 M=4096: 1900/5000 replicates
rosenbrock_extreme step=250 M=4096: 1950/5000 replicates
rosenbrock_extreme step=250 M=4096: 2000/5000 replicates
rosenbrock_extreme step=250 M=4096: 2050/5000 replicates
rosenbrock_extreme step=250 M=4096: 2100/5000 replicates
rosenbrock_extreme step=250 M=4096: 2150/5000 replicates
rosenbrock_extreme step=250 M=4096: 2200/5000 replicates
rosenbrock_extreme step=250 M=4096: 2250/5000 replicates
rosenbrock_extreme step=250 M=4096: 2300/5000 replicates
rosenbrock_extreme step=250 M=4096: 2350/5000 replicates
rosenbrock_extreme step=250 M=4096: 2400/5000 replicates
rosenbrock_extreme step=250 M=4096: 2450/5000 replicates
rosenbrock_extreme step=250 M=4096: 2500/5000 replicates
rosenbrock_extreme step=250 M=4096: 2550/5000 replicates
rosenbrock_extreme step=250 M=4096: 2600/5000 replicates
rosenbrock_extreme step=250 M=4096: 2650/5000 replicates
rosenbrock_extreme step=250 M=4096: 2700/5000 replicates
rosenbrock_extreme step=250 M=4096: 2750/5000 replicates
rosenbrock_extreme step=250 M=4096: 2800/5000 replicates
rosenbrock_extreme step=250 M=4096: 2850/5000 replicates
rosenbrock_extreme step=250 M=4096: 2900/5000 replicates
rosenbrock_extreme step=250 M=4096: 2950/5000 replicates
rosenbrock_extreme step=250 M=4096: 3000/5000 replicates
rosenbrock_extreme step=250 M=4096: 3050/5000 replicates
rosenbrock_extreme step=250 M=4096: 3100/5000 replicates
rosenbrock_extreme step=250 M=4096: 3150/5000 replicates
rosenbrock_extreme step=250 M=4096: 3200/5000 replicates
rosenbrock_extreme step=250 M=4096: 3250/5000 replicates
rosenbrock_extreme step=250 M=4096: 3300/5000 replicates
rosenbrock_extreme step=250 M=4096: 3350/5000 replicates
rosenbrock_extreme step=250 M=4096: 3400/5000 replicates
rosenbrock_extreme step=250 M=4096: 3450/5000 replicates
rosenbrock_extreme step=250 M=4096: 3500/5000 replicates
rosenbrock_extreme step=250 M=4096: 3550/5000 replicates
rosenbrock_extreme step=250 M=4096: 3600/5000 replicates
rosenbrock_extreme step=250 M=4096: 3650/5000 replicates
rosenbrock_extreme step=250 M=4096: 3700/5000 replicates
rosenbrock_extreme step=250 M=4096: 3750/5000 replicates
rosenbrock_extreme step=250 M=4096: 3800/5000 replicates
rosenbrock_extreme step=250 M=4096: 3850/5000 replicates
rosenbrock_extreme step=250 M=4096: 3900/5000 replicates
rosenbrock_extreme step=250 M=4096: 3950/5000 replicates
rosenbrock_extreme step=250 M=4096: 4000/5000 replicates
rosenbrock_extreme step=250 M=4096: 4050/5000 replicates
rosenbrock_extreme step=250 M=4096: 4100/5000 replicates
rosenbrock_extreme step=250 M=4096: 4150/5000 replicates
rosenbrock_extreme step=250 M=4096: 4200/5000 replicates
rosenbrock_extreme step=250 M=4096: 4250/5000 replicates
rosenbrock_extreme step=250 M=4096: 4300/5000 replicates
rosenbrock_extreme step=250 M=4096: 4350/5000 replicates
rosenbrock_extreme step=250 M=4096: 4400/5000 replicates
rosenbrock_extreme step=250 M=4096: 4450/5000 replicates
rosenbrock_extreme step=250 M=4096: 4500/5000 replicates
rosenbrock_extreme step=250 M=4096: 4550/5000 replicates
rosenbrock_extreme step=250 M=4096: 4600/5000 replicates
rosenbrock_extreme step=250 M=4096: 4650/5000 replicates
rosenbrock_extreme step=250 M=4096: 4700/5000 replicates
rosenbrock_extreme step=250 M=4096: 4750/5000 replicates
rosenbrock_extreme step=250 M=4096: 4800/5000 replicates
rosenbrock_extreme step=250 M=4096: 4850/5000 replicates
rosenbrock_extreme step=250 M=4096: 4900/5000 replicates
rosenbrock_extreme step=250 M=4096: 4950/5000 replicates
rosenbrock_extreme step=250 M=4096: 5000/5000 replicates
{"regime": "rosenbrock_extreme", "step": 250, "M": 4096, "replicates": 5000, "variance": 6.22523477078972, "variance_bootstrap_lo": 0.23168989038863205, "variance_bootstrap_hi": 17.866737528131445, "M_times_variance": 25498.561621154695, "bias": 0.046707433784764864, "bias_rms_sampling_error": 0.050137034335708375, "bias_squared_corrected": -0.0003321378412218059, "reference_rms_se": 0.03561846793198798, "otr_mean_rms_se": 0.03528522288661281, "reference_gradient_norm": 0.25911902076075227, "dm_reference_samples_per_component": 20000, "reference_to_otr_se_ratio": 1.0094443230937225, "nfe_mean": 138.29, "elapsed_s": 3120.3046720027924, "largest_draw_variance_fraction": 0.9280596583876362, "variance_first_half": 0.3965484759021849, "variance_second_half": 12.054850337947704, "parameter_count": 30, "variance_per_parameter": 0.20750782569299067}
rosenbrock_extreme step=250 M=16384: 1050/5000 replicates
rosenbrock_extreme step=250 M=16384: 1100/5000 replicates
rosenbrock_extreme step=250 M=16384: 1150/5000 replicates
rosenbrock_extreme step=250 M=16384: 1200/5000 replicates
rosenbrock_extreme step=250 M=16384: 1250/5000 replicates
rosenbrock_extreme step=250 M=16384: 1300/5000 replicates
rosenbrock_extreme step=250 M=16384: 1350/5000 replicates
rosenbrock_extreme step=250 M=16384: 1400/5000 replicates
rosenbrock_extreme step=250 M=16384: 1450/5000 replicates
rosenbrock_extreme step=250 M=16384: 1500/5000 replicates
rosenbrock_extreme step=250 M=16384: 1550/5000 replicates
rosenbrock_extreme step=250 M=16384: 1600/5000 replicates
rosenbrock_extreme step=250 M=16384: 1650/5000 replicates
rosenbrock_extreme step=250 M=16384: 1700/5000 replicates
rosenbrock_extreme step=250 M=16384: 1750/5000 replicates
rosenbrock_extreme step=250 M=16384: 1800/5000 replicates
rosenbrock_extreme step=250 M=16384: 1850/5000 replicates
rosenbrock_extreme step=250 M=16384: 1900/5000 replicates
rosenbrock_extreme step=250 M=16384: 1950/5000 replicates
rosenbrock_extreme step=250 M=16384: 2000/5000 replicates
rosenbrock_extreme step=250 M=16384: 2050/5000 replicates
rosenbrock_extreme step=250 M=16384: 2100/5000 replicates
rosenbrock_extreme step=250 M=16384: 2150/5000 replicates
rosenbrock_extreme step=250 M=16384: 2200/5000 replicates
rosenbrock_extreme step=250 M=16384: 2250/5000 replicates
rosenbrock_extreme step=250 M=16384: 2300/5000 replicates
rosenbrock_extreme step=250 M=16384: 2350/5000 replicates
rosenbrock_extreme step=250 M=16384: 2400/5000 replicates
rosenbrock_extreme step=250 M=16384: 2450/5000 replicates
rosenbrock_extreme step=250 M=16384: 2500/5000 replicates
rosenbrock_extreme step=250 M=16384: 2550/5000 replicates
rosenbrock_extreme step=250 M=16384: 2600/5000 replicates
rosenbrock_extreme step=250 M=16384: 2650/5000 replicates
rosenbrock_extreme step=250 M=16384: 2700/5000 replicates
rosenbrock_extreme step=250 M=16384: 2750/5000 replicates
rosenbrock_extreme step=250 M=16384: 2800/5000 replicates
rosenbrock_extreme step=250 M=16384: 2850/5000 replicates
rosenbrock_extreme step=250 M=16384: 2900/5000 replicates
rosenbrock_extreme step=250 M=16384: 2950/5000 replicates
rosenbrock_extreme step=250 M=16384: 3000/5000 replicates
rosenbrock_extreme step=250 M=16384: 3050/5000 replicates
rosenbrock_extreme step=250 M=16384: 3100/5000 replicates
rosenbrock_extreme step=250 M=16384: 3150/5000 replicates
rosenbrock_extreme step=250 M=16384: 3200/5000 replicates
rosenbrock_extreme step=250 M=16384: 3250/5000 replicates
rosenbrock_extreme step=250 M=16384: 3300/5000 replicates
rosenbrock_extreme step=250 M=16384: 3350/5000 replicates
rosenbrock_extreme step=250 M=16384: 3400/5000 replicates
rosenbrock_extreme step=250 M=16384: 3450/5000 replicates
rosenbrock_extreme step=250 M=16384: 3500/5000 replicates
rosenbrock_extreme step=250 M=16384: 3550/5000 replicates
rosenbrock_extreme step=250 M=16384: 3600/5000 replicates
rosenbrock_extreme step=250 M=16384: 3650/5000 replicates
rosenbrock_extreme step=250 M=16384: 3700/5000 replicates
rosenbrock_extreme step=250 M=16384: 3750/5000 replicates
rosenbrock_extreme step=250 M=16384: 3800/5000 replicates
rosenbrock_extreme step=250 M=16384: 3850/5000 replicates
rosenbrock_extreme step=250 M=16384: 3900/5000 replicates
rosenbrock_extreme step=250 M=16384: 3950/5000 replicates
rosenbrock_extreme step=250 M=16384: 4000/5000 replicates
rosenbrock_extreme step=250 M=16384: 4050/5000 replicates
rosenbrock_extreme step=250 M=16384: 4100/5000 replicates
rosenbrock_extreme step=250 M=16384: 4150/5000 replicates
rosenbrock_extreme step=250 M=16384: 4200/5000 replicates
rosenbrock_extreme step=250 M=16384: 4250/5000 replicates
rosenbrock_extreme step=250 M=16384: 4300/5000 replicates
rosenbrock_extreme step=250 M=16384: 4350/5000 replicates
rosenbrock_extreme step=250 M=16384: 4400/5000 replicates
rosenbrock_extreme step=250 M=16384: 4450/5000 replicates
rosenbrock_extreme step=250 M=16384: 4500/5000 replicates
rosenbrock_extreme step=250 M=16384: 4550/5000 replicates
rosenbrock_extreme step=250 M=16384: 4600/5000 replicates
rosenbrock_extreme step=250 M=16384: 4650/5000 replicates
rosenbrock_extreme step=250 M=16384: 4700/5000 replicates
rosenbrock_extreme step=250 M=16384: 4750/5000 replicates
rosenbrock_extreme step=250 M=16384: 4800/5000 replicates
rosenbrock_extreme step=250 M=16384: 4850/5000 replicates
rosenbrock_extreme step=250 M=16384: 4900/5000 replicates
rosenbrock_extreme step=250 M=16384: 4950/5000 replicates
rosenbrock_extreme step=250 M=16384: 5000/5000 replicates
{"regime": "rosenbrock_extreme", "step": 250, "M": 16384, "replicates": 5000, "variance": 0.1735936462506412, "variance_bootstrap_lo": 0.07451515932007372, "variance_bootstrap_hi": 0.3133853453859363, "M_times_variance": 2844.1583001705053, "bias": 0.02413667149046837, "bias_rms_sampling_error": 0.03610254820746293, "bias_squared_corrected": -0.0007208150764333959, "reference_rms_se": 0.03561846793198798, "otr_mean_rms_se": 0.00589226011392303, "reference_gradient_norm": 0.25911902076075227, "dm_reference_samples_per_component": 20000, "reference_to_otr_se_ratio": 6.044958512239446, "nfe_mean": 139.8728, "elapsed_s": 14590.226018190384, "largest_draw_variance_fraction": 0.31463113855150104, "variance_first_half": 0.10704627105003937, "variance_second_half": 0.24020110154487773, "parameter_count": 30, "variance_per_parameter": 0.005786454875021373}
rosenbrock_extreme step=1000: DM reference RMS SE=0.046382
rosenbrock_extreme step=1000 M=256: 1050/5000 replicates
rosenbrock_extreme step=1000 M=256: 1100/5000 replicates
rosenbrock_extreme step=1000 M=256: 1150/5000 replicates
rosenbrock_extreme step=1000 M=256: 1200/5000 replicates
rosenbrock_extreme step=1000 M=256: 1250/5000 replicates
rosenbrock_extreme step=1000 M=256: 1300/5000 replicates
rosenbrock_extreme step=1000 M=256: 1350/5000 replicates
rosenbrock_extreme step=1000 M=256: 1400/5000 replicates
rosenbrock_extreme step=1000 M=256: 1450/5000 replicates
rosenbrock_extreme step=1000 M=256: 1500/5000 replicates
rosenbrock_extreme step=1000 M=256: 1550/5000 replicates
rosenbrock_extreme step=1000 M=256: 1600/5000 replicates
rosenbrock_extreme step=1000 M=256: 1650/5000 replicates
rosenbrock_extreme step=1000 M=256: 1700/5000 replicates
rosenbrock_extreme step=1000 M=256: 1750/5000 replicates
rosenbrock_extreme step=1000 M=256: 1800/5000 replicates
rosenbrock_extreme step=1000 M=256: 1850/5000 replicates
rosenbrock_extreme step=1000 M=256: 1900/5000 replicates
rosenbrock_extreme step=1000 M=256: 1950/5000 replicates
rosenbrock_extreme step=1000 M=256: 2000/5000 replicates
rosenbrock_extreme step=1000 M=256: 2050/5000 replicates
rosenbrock_extreme step=1000 M=256: 2100/5000 replicates
rosenbrock_extreme step=1000 M=256: 2150/5000 replicates
rosenbrock_extreme step=1000 M=256: 2200/5000 replicates
rosenbrock_extreme step=1000 M=256: 2250/5000 replicates
rosenbrock_extreme step=1000 M=256: 2300/5000 replicates
rosenbrock_extreme step=1000 M=256: 2350/5000 replicates
rosenbrock_extreme step=1000 M=256: 2400/5000 replicates
rosenbrock_extreme step=1000 M=256: 2450/5000 replicates
rosenbrock_extreme step=1000 M=256: 2500/5000 replicates
rosenbrock_extreme step=1000 M=256: 2550/5000 replicates
rosenbrock_extreme step=1000 M=256: 2600/5000 replicates
rosenbrock_extreme step=1000 M=256: 2650/5000 replicates
rosenbrock_extreme step=1000 M=256: 2700/5000 replicates
rosenbrock_extreme step=1000 M=256: 2750/5000 replicates
rosenbrock_extreme step=1000 M=256: 2800/5000 replicates
rosenbrock_extreme step=1000 M=256: 2850/5000 replicates
rosenbrock_extreme step=1000 M=256: 2900/5000 replicates
rosenbrock_extreme step=1000 M=256: 2950/5000 replicates
rosenbrock_extreme step=1000 M=256: 3000/5000 replicates
rosenbrock_extreme step=1000 M=256: 3050/5000 replicates
rosenbrock_extreme step=1000 M=256: 3100/5000 replicates
rosenbrock_extreme step=1000 M=256: 3150/5000 replicates
rosenbrock_extreme step=1000 M=256: 3200/5000 replicates
rosenbrock_extreme step=1000 M=256: 3250/5000 replicates
rosenbrock_extreme step=1000 M=256: 3300/5000 replicates
rosenbrock_extreme step=1000 M=256: 3350/5000 replicates
rosenbrock_extreme step=1000 M=256: 3400/5000 replicates
rosenbrock_extreme step=1000 M=256: 3450/5000 replicates
rosenbrock_extreme step=1000 M=256: 3500/5000 replicates
rosenbrock_extreme step=1000 M=256: 3550/5000 replicates
rosenbrock_extreme step=1000 M=256: 3600/5000 replicates
rosenbrock_extreme step=1000 M=256: 3650/5000 replicates
rosenbrock_extreme step=1000 M=256: 3700/5000 replicates
rosenbrock_extreme step=1000 M=256: 3750/5000 replicates
rosenbrock_extreme step=1000 M=256: 3800/5000 replicates
rosenbrock_extreme step=1000 M=256: 3850/5000 replicates
rosenbrock_extreme step=1000 M=256: 3900/5000 replicates
rosenbrock_extreme step=1000 M=256: 3950/5000 replicates
rosenbrock_extreme step=1000 M=256: 4000/5000 replicates
rosenbrock_extreme step=1000 M=256: 4050/5000 replicates
rosenbrock_extreme step=1000 M=256: 4100/5000 replicates
rosenbrock_extreme step=1000 M=256: 4150/5000 replicates
rosenbrock_extreme step=1000 M=256: 4200/5000 replicates
rosenbrock_extreme step=1000 M=256: 4250/5000 replicates
rosenbrock_extreme step=1000 M=256: 4300/5000 replicates
rosenbrock_extreme step=1000 M=256: 4350/5000 replicates
rosenbrock_extreme step=1000 M=256: 4400/5000 replicates
rosenbrock_extreme step=1000 M=256: 4450/5000 replicates
rosenbrock_extreme step=1000 M=256: 4500/5000 replicates
rosenbrock_extreme step=1000 M=256: 4550/5000 replicates
rosenbrock_extreme step=1000 M=256: 4600/5000 replicates
rosenbrock_extreme step=1000 M=256: 4650/5000 replicates
rosenbrock_extreme step=1000 M=256: 4700/5000 replicates
rosenbrock_extreme step=1000 M=256: 4750/5000 replicates
rosenbrock_extreme step=1000 M=256: 4800/5000 replicates
rosenbrock_extreme step=1000 M=256: 4850/5000 replicates
rosenbrock_extreme step=1000 M=256: 4900/5000 replicates
rosenbrock_extreme step=1000 M=256: 4950/5000 replicates
rosenbrock_extreme step=1000 M=256: 5000/5000 replicates
{"regime": "rosenbrock_extreme", "step": 1000, "M": 256, "replicates": 5000, "variance": 45.75654255084278, "variance_bootstrap_lo": 9.560558329847503, "variance_bootstrap_hi": 96.37607243127891, "M_times_variance": 11713.674893015752, "bias": 0.09184938203500523, "bias_rms_sampling_error": 0.10631359919958637, "bias_squared_corrected": -0.00286627239455795, "reference_rms_se": 0.046381816098571796, "otr_mean_rms_se": 0.09566247179625119, "reference_gradient_norm": 0.17750933933882798, "dm_reference_samples_per_component": 20000, "reference_to_otr_se_ratio": 0.4848486060171968, "nfe_mean": 173.4908, "elapsed_s": 692.8551471233368, "largest_draw_variance_fraction": 0.5525912874498973, "variance_first_half": 77.65441180826242, "variance_second_half": 13.869870031222115, "parameter_count": 30, "variance_per_parameter": 1.5252180850280928}
rosenbrock_extreme step=1000 M=1024: 1050/5000 replicates
rosenbrock_extreme step=1000 M=1024: 1100/5000 replicates
rosenbrock_extreme step=1000 M=1024: 1150/5000 replicates
rosenbrock_extreme step=1000 M=1024: 1200/5000 replicates
rosenbrock_extreme step=1000 M=1024: 1250/5000 replicates
rosenbrock_extreme step=1000 M=1024: 1300/5000 replicates
rosenbrock_extreme step=1000 M=1024: 1350/5000 replicates
rosenbrock_extreme step=1000 M=1024: 1400/5000 replicates
rosenbrock_extreme step=1000 M=1024: 1450/5000 replicates
rosenbrock_extreme step=1000 M=1024: 1500/5000 replicates
rosenbrock_extreme step=1000 M=1024: 1550/5000 replicates
rosenbrock_extreme step=1000 M=1024: 1600/5000 replicates
rosenbrock_extreme step=1000 M=1024: 1650/5000 replicates
rosenbrock_extreme step=1000 M=1024: 1700/5000 replicates
rosenbrock_extreme step=1000 M=1024: 1750/5000 replicates
rosenbrock_extreme step=1000 M=1024: 1800/5000 replicates
rosenbrock_extreme step=1000 M=1024: 1850/5000 replicates
rosenbrock_extreme step=1000 M=1024: 1900/5000 replicates
rosenbrock_extreme step=1000 M=1024: 1950/5000 replicates
rosenbrock_extreme step=1000 M=1024: 2000/5000 replicates
rosenbrock_extreme step=1000 M=1024: 2050/5000 replicates
rosenbrock_extreme step=1000 M=1024: 2100/5000 replicates
rosenbrock_extreme step=1000 M=1024: 2150/5000 replicates
rosenbrock_extreme step=1000 M=1024: 2200/5000 replicates
rosenbrock_extreme step=1000 M=1024: 2250/5000 replicates
rosenbrock_extreme step=1000 M=1024: 2300/5000 replicates
rosenbrock_extreme step=1000 M=1024: 2350/5000 replicates
rosenbrock_extreme step=1000 M=1024: 2400/5000 replicates
rosenbrock_extreme step=1000 M=1024: 2450/5000 replicates
rosenbrock_extreme step=1000 M=1024: 2500/5000 replicates
rosenbrock_extreme step=1000 M=1024: 2550/5000 replicates
rosenbrock_extreme step=1000 M=1024: 2600/5000 replicates
rosenbrock_extreme step=1000 M=1024: 2650/5000 replicates
rosenbrock_extreme step=1000 M=1024: 2700/5000 replicates
rosenbrock_extreme step=1000 M=1024: 2750/5000 replicates
rosenbrock_extreme step=1000 M=1024: 2800/5000 replicates
rosenbrock_extreme step=1000 M=1024: 2850/5000 replicates
rosenbrock_extreme step=1000 M=1024: 2900/5000 replicates
rosenbrock_extreme step=1000 M=1024: 2950/5000 replicates
rosenbrock_extreme step=1000 M=1024: 3000/5000 replicates
rosenbrock_extreme step=1000 M=1024: 3050/5000 replicates
rosenbrock_extreme step=1000 M=1024: 3100/5000 replicates
rosenbrock_extreme step=1000 M=1024: 3150/5000 replicates
rosenbrock_extreme step=1000 M=1024: 3200/5000 replicates
rosenbrock_extreme step=1000 M=1024: 3250/5000 replicates
rosenbrock_extreme step=1000 M=1024: 3300/5000 replicates
rosenbrock_extreme step=1000 M=1024: 3350/5000 replicates
rosenbrock_extreme step=1000 M=1024: 3400/5000 replicates
rosenbrock_extreme step=1000 M=1024: 3450/5000 replicates
rosenbrock_extreme step=1000 M=1024: 3500/5000 replicates
rosenbrock_extreme step=1000 M=1024: 3550/5000 replicates
rosenbrock_extreme step=1000 M=1024: 3600/5000 replicates
rosenbrock_extreme step=1000 M=1024: 3650/5000 replicates
rosenbrock_extreme step=1000 M=1024: 3700/5000 replicates
rosenbrock_extreme step=1000 M=1024: 3750/5000 replicates
rosenbrock_extreme step=1000 M=1024: 3800/5000 replicates
rosenbrock_extreme step=1000 M=1024: 3850/5000 replicates
rosenbrock_extreme step=1000 M=1024: 3900/5000 replicates
rosenbrock_extreme step=1000 M=1024: 3950/5000 replicates
rosenbrock_extreme step=1000 M=1024: 4000/5000 replicates
rosenbrock_extreme step=1000 M=1024: 4050/5000 replicates
rosenbrock_extreme step=1000 M=1024: 4100/5000 replicates
rosenbrock_extreme step=1000 M=1024: 4150/5000 replicates
rosenbrock_extreme step=1000 M=1024: 4200/5000 replicates
rosenbrock_extreme step=1000 M=1024: 4250/5000 replicates
rosenbrock_extreme step=1000 M=1024: 4300/5000 replicates
rosenbrock_extreme step=1000 M=1024: 4350/5000 replicates
rosenbrock_extreme step=1000 M=1024: 4400/5000 replicates
rosenbrock_extreme step=1000 M=1024: 4450/5000 replicates
rosenbrock_extreme step=1000 M=1024: 4500/5000 replicates
rosenbrock_extreme step=1000 M=1024: 4550/5000 replicates
rosenbrock_extreme step=1000 M=1024: 4600/5000 replicates
rosenbrock_extreme step=1000 M=1024: 4650/5000 replicates
rosenbrock_extreme step=1000 M=1024: 4700/5000 replicates
rosenbrock_extreme step=1000 M=1024: 4750/5000 replicates
rosenbrock_extreme step=1000 M=1024: 4800/5000 replicates
rosenbrock_extreme step=1000 M=1024: 4850/5000 replicates
rosenbrock_extreme step=1000 M=1024: 4900/5000 replicates
rosenbrock_extreme step=1000 M=1024: 4950/5000 replicates
rosenbrock_extreme step=1000 M=1024: 5000/5000 replicates
{"regime": "rosenbrock_extreme", "step": 1000, "M": 1024, "replicates": 5000, "variance": 15.93588865008218, "variance_bootstrap_lo": 5.486543556369098, "variance_bootstrap_hi": 28.7244102256888, "M_times_variance": 16318.349977684153, "bias": 0.10678209699888924, "bias_rms_sampling_error": 0.07306470142701037, "bias_squared_corrected": 0.006063965644862021, "reference_rms_se": 0.046381816098571796, "otr_mean_rms_se": 0.05645509481009164, "reference_gradient_norm": 0.17750933933882798, "dm_reference_samples_per_component": 20000, "reference_to_otr_se_ratio": 0.8215700682922387, "nfe_mean": 183.7388, "elapsed_s": 922.1764008998871, "largest_draw_variance_fraction": 0.3624335211936324, "variance_first_half": 17.34788592220363, "variance_second_half": 14.527576856823025, "parameter_count": 30, "variance_per_parameter": 0.5311962883360727}
rosenbrock_extreme step=1000 M=4096: 1050/5000 replicates
rosenbrock_extreme step=1000 M=4096: 1100/5000 replicates
rosenbrock_extreme step=1000 M=4096: 1150/5000 replicates
rosenbrock_extreme step=1000 M=4096: 1200/5000 replicates
rosenbrock_extreme step=1000 M=4096: 1250/5000 replicates
rosenbrock_extreme step=1000 M=4096: 1300/5000 replicates
rosenbrock_extreme step=1000 M=4096: 1350/5000 replicates
rosenbrock_extreme step=1000 M=4096: 1400/5000 replicates
rosenbrock_extreme step=1000 M=4096: 1450/5000 replicates
rosenbrock_extreme step=1000 M=4096: 1500/5000 replicates
rosenbrock_extreme step=1000 M=4096: 1550/5000 replicates
rosenbrock_extreme step=1000 M=4096: 1600/5000 replicates
rosenbrock_extreme step=1000 M=4096: 1650/5000 replicates
rosenbrock_extreme step=1000 M=4096: 1700/5000 replicates
rosenbrock_extreme step=1000 M=4096: 1750/5000 replicates
rosenbrock_extreme step=1000 M=4096: 1800/5000 replicates
rosenbrock_extreme step=1000 M=4096: 1850/5000 replicates
rosenbrock_extreme step=1000 M=4096: 1900/5000 replicates
rosenbrock_extreme step=1000 M=4096: 1950/5000 replicates
rosenbrock_extreme step=1000 M=4096: 2000/5000 replicates
rosenbrock_extreme step=1000 M=4096: 2050/5000 replicates
rosenbrock_extreme step=1000 M=4096: 2100/5000 replicates
rosenbrock_extreme step=1000 M=4096: 2150/5000 replicates
rosenbrock_extreme step=1000 M=4096: 2200/5000 replicates
rosenbrock_extreme step=1000 M=4096: 2250/5000 replicates
rosenbrock_extreme step=1000 M=4096: 2300/5000 replicates
rosenbrock_extreme step=1000 M=4096: 2350/5000 replicates
rosenbrock_extreme step=1000 M=4096: 2400/5000 replicates
rosenbrock_extreme step=1000 M=4096: 2450/5000 replicates
rosenbrock_extreme step=1000 M=4096: 2500/5000 replicates
rosenbrock_extreme step=1000 M=4096: 2550/5000 replicates
rosenbrock_extreme step=1000 M=4096: 2600/5000 replicates
rosenbrock_extreme step=1000 M=4096: 2650/5000 replicates
rosenbrock_extreme step=1000 M=4096: 2700/5000 replicates
rosenbrock_extreme step=1000 M=4096: 2750/5000 replicates
rosenbrock_extreme step=1000 M=4096: 2800/5000 replicates
rosenbrock_extreme step=1000 M=4096: 2850/5000 replicates
rosenbrock_extreme step=1000 M=4096: 2900/5000 replicates
rosenbrock_extreme step=1000 M=4096: 2950/5000 replicates
rosenbrock_extreme step=1000 M=4096: 3000/5000 replicates
rosenbrock_extreme step=1000 M=4096: 3050/5000 replicates
rosenbrock_extreme step=1000 M=4096: 3100/5000 replicates
rosenbrock_extreme step=1000 M=4096: 3150/5000 replicates
rosenbrock_extreme step=1000 M=4096: 3200/5000 replicates
rosenbrock_extreme step=1000 M=4096: 3250/5000 replicates
rosenbrock_extreme step=1000 M=4096: 3300/5000 replicates
rosenbrock_extreme step=1000 M=4096: 3350/5000 replicates
rosenbrock_extreme step=1000 M=4096: 3400/5000 replicates
rosenbrock_extreme step=1000 M=4096: 3450/5000 replicates
rosenbrock_extreme step=1000 M=4096: 3500/5000 replicates
rosenbrock_extreme step=1000 M=4096: 3550/5000 replicates
rosenbrock_extreme step=1000 M=4096: 3600/5000 replicates
rosenbrock_extreme step=1000 M=4096: 3650/5000 replicates
rosenbrock_extreme step=1000 M=4096: 3700/5000 replicates
rosenbrock_extreme step=1000 M=4096: 3750/5000 replicates
rosenbrock_extreme step=1000 M=4096: 3800/5000 replicates
rosenbrock_extreme step=1000 M=4096: 3850/5000 replicates
rosenbrock_extreme step=1000 M=4096: 3900/5000 replicates
rosenbrock_extreme step=1000 M=4096: 3950/5000 replicates
rosenbrock_extreme step=1000 M=4096: 4000/5000 replicates
rosenbrock_extreme step=1000 M=4096: 4050/5000 replicates
rosenbrock_extreme step=1000 M=4096: 4100/5000 replicates
rosenbrock_extreme step=1000 M=4096: 4150/5000 replicates
rosenbrock_extreme step=1000 M=4096: 4200/5000 replicates
rosenbrock_extreme step=1000 M=4096: 4250/5000 replicates
rosenbrock_extreme step=1000 M=4096: 4300/5000 replicates
rosenbrock_extreme step=1000 M=4096: 4350/5000 replicates
rosenbrock_extreme step=1000 M=4096: 4400/5000 replicates
rosenbrock_extreme step=1000 M=4096: 4450/5000 replicates
rosenbrock_extreme step=1000 M=4096: 4500/5000 replicates
rosenbrock_extreme step=1000 M=4096: 4550/5000 replicates
rosenbrock_extreme step=1000 M=4096: 4600/5000 replicates
rosenbrock_extreme step=1000 M=4096: 4650/5000 replicates
rosenbrock_extreme step=1000 M=4096: 4700/5000 replicates
rosenbrock_extreme step=1000 M=4096: 4750/5000 replicates
rosenbrock_extreme step=1000 M=4096: 4800/5000 replicates
rosenbrock_extreme step=1000 M=4096: 4850/5000 replicates
rosenbrock_extreme step=1000 M=4096: 4900/5000 replicates
rosenbrock_extreme step=1000 M=4096: 4950/5000 replicates
rosenbrock_extreme step=1000 M=4096: 5000/5000 replicates
{"regime": "rosenbrock_extreme", "step": 1000, "M": 4096, "replicates": 5000, "variance": 416.02381862970776, "variance_bootstrap_lo": 7.559882685179415, "variance_bootstrap_hi": 1288.493447281411, "M_times_variance": 1704033.561107283, "bias": 0.2819851227946678, "bias_rms_sampling_error": 0.2921575543958145, "bias_squared_corrected": -0.0058404271130194085, "reference_rms_se": 0.046381816098571796, "otr_mean_rms_se": 0.28845235954303017, "reference_gradient_norm": 0.17750933933882798, "dm_reference_samples_per_component": 20000, "reference_to_otr_se_ratio": 0.1607954123587356, "nfe_mean": 188.7404, "elapsed_s": 4990.021202802658, "largest_draw_variance_fraction": 0.769430819118969, "variance_first_half": 655.9943342982853, "variance_second_half": 176.1770297236415, "parameter_count": 30, "variance_per_parameter": 13.86746062099026}
rosenbrock_extreme step=1000 M=16384: 1050/5000 replicates
rosenbrock_extreme step=1000 M=16384: 1100/5000 replicates
rosenbrock_extreme step=1000 M=16384: 1150/5000 replicates
rosenbrock_extreme step=1000 M=16384: 1200/5000 replicates
rosenbrock_extreme step=1000 M=16384: 1250/5000 replicates
rosenbrock_extreme step=1000 M=16384: 1300/5000 replicates
rosenbrock_extreme step=1000 M=16384: 1350/5000 replicates
rosenbrock_extreme step=1000 M=16384: 1400/5000 replicates
rosenbrock_extreme step=1000 M=16384: 1450/5000 replicates
rosenbrock_extreme step=1000 M=16384: 1500/5000 replicates
rosenbrock_extreme step=1000 M=16384: 1550/5000 replicates
rosenbrock_extreme step=1000 M=16384: 1600/5000 replicates
rosenbrock_extreme step=1000 M=16384: 1650/5000 replicates
rosenbrock_extreme step=1000 M=16384: 1700/5000 replicates
rosenbrock_extreme step=1000 M=16384: 1750/5000 replicates
rosenbrock_extreme step=1000 M=16384: 1800/5000 replicates
rosenbrock_extreme step=1000 M=16384: 1850/5000 replicates
rosenbrock_extreme step=1000 M=16384: 1900/5000 replicates
rosenbrock_extreme step=1000 M=16384: 1950/5000 replicates
rosenbrock_extreme step=1000 M=16384: 2000/5000 replicates
rosenbrock_extreme step=1000 M=16384: 2050/5000 replicates
rosenbrock_extreme step=1000 M=16384: 2100/5000 replicates
rosenbrock_extreme step=1000 M=16384: 2150/5000 replicates
rosenbrock_extreme step=1000 M=16384: 2200/5000 replicates
rosenbrock_extreme step=1000 M=16384: 2250/5000 replicates
rosenbrock_extreme step=1000 M=16384: 2300/5000 replicates
rosenbrock_extreme step=1000 M=16384: 2350/5000 replicates
rosenbrock_extreme step=1000 M=16384: 2400/5000 replicates
rosenbrock_extreme step=1000 M=16384: 2450/5000 replicates
rosenbrock_extreme step=1000 M=16384: 2500/5000 replicates
rosenbrock_extreme step=1000 M=16384: 2550/5000 replicates
rosenbrock_extreme step=1000 M=16384: 2600/5000 replicates
rosenbrock_extreme step=1000 M=16384: 2650/5000 replicates
rosenbrock_extreme step=1000 M=16384: 2700/5000 replicates
rosenbrock_extreme step=1000 M=16384: 2750/5000 replicates
rosenbrock_extreme step=1000 M=16384: 2800/5000 replicates
rosenbrock_extreme step=1000 M=16384: 2850/5000 replicates
rosenbrock_extreme step=1000 M=16384: 2900/5000 replicates
rosenbrock_extreme step=1000 M=16384: 2950/5000 replicates
rosenbrock_extreme step=1000 M=16384: 3000/5000 replicates
rosenbrock_extreme step=1000 M=16384: 3050/5000 replicates
rosenbrock_extreme step=1000 M=16384: 3100/5000 replicates
rosenbrock_extreme step=1000 M=16384: 3150/5000 replicates
rosenbrock_extreme step=1000 M=16384: 3200/5000 replicates
rosenbrock_extreme step=1000 M=16384: 3250/5000 replicates
rosenbrock_extreme step=1000 M=16384: 3300/5000 replicates
rosenbrock_extreme step=1000 M=16384: 3350/5000 replicates
rosenbrock_extreme step=1000 M=16384: 3400/5000 replicates
rosenbrock_extreme step=1000 M=16384: 3450/5000 replicates
rosenbrock_extreme step=1000 M=16384: 3500/5000 replicates
rosenbrock_extreme step=1000 M=16384: 3550/5000 replicates
rosenbrock_extreme step=1000 M=16384: 3600/5000 replicates
rosenbrock_extreme step=1000 M=16384: 3650/5000 replicates
rosenbrock_extreme step=1000 M=16384: 3700/5000 replicates
rosenbrock_extreme step=1000 M=16384: 3750/5000 replicates
rosenbrock_extreme step=1000 M=16384: 3800/5000 replicates
rosenbrock_extreme step=1000 M=16384: 3850/5000 replicates
rosenbrock_extreme step=1000 M=16384: 3900/5000 replicates
rosenbrock_extreme step=1000 M=16384: 3950/5000 replicates
rosenbrock_extreme step=1000 M=16384: 4000/5000 replicates
rosenbrock_extreme step=1000 M=16384: 4050/5000 replicates
rosenbrock_extreme step=1000 M=16384: 4100/5000 replicates
rosenbrock_extreme step=1000 M=16384: 4150/5000 replicates
rosenbrock_extreme step=1000 M=16384: 4200/5000 replicates
rosenbrock_extreme step=1000 M=16384: 4250/5000 replicates
rosenbrock_extreme step=1000 M=16384: 4300/5000 replicates
rosenbrock_extreme step=1000 M=16384: 4350/5000 replicates
rosenbrock_extreme step=1000 M=16384: 4400/5000 replicates
rosenbrock_extreme step=1000 M=16384: 4450/5000 replicates
rosenbrock_extreme step=1000 M=16384: 4500/5000 replicates
rosenbrock_extreme step=1000 M=16384: 4550/5000 replicates
rosenbrock_extreme step=1000 M=16384: 4600/5000 replicates
rosenbrock_extreme step=1000 M=16384: 4650/5000 replicates
rosenbrock_extreme step=1000 M=16384: 4700/5000 replicates
rosenbrock_extreme step=1000 M=16384: 4750/5000 replicates
rosenbrock_extreme step=1000 M=16384: 4800/5000 replicates
rosenbrock_extreme step=1000 M=16384: 4850/5000 replicates
rosenbrock_extreme step=1000 M=16384: 4900/5000 replicates
rosenbrock_extreme step=1000 M=16384: 4950/5000 replicates
rosenbrock_extreme step=1000 M=16384: 5000/5000 replicates
{"regime": "rosenbrock_extreme", "step": 1000, "M": 16384, "replicates": 5000, "variance": 769.7722740478806, "variance_bootstrap_lo": 9.69043369725033, "variance_bootstrap_hi": 2275.518749741451, "M_times_variance": 12611948.938000476, "bias": 0.33284827757819996, "bias_rms_sampling_error": 0.3951021737148226, "bias_squared_corrected": -0.04531775178740341, "reference_rms_se": 0.046381816098571796, "otr_mean_rms_se": 0.3923703031698196, "reference_gradient_norm": 0.17750933933882798, "dm_reference_samples_per_component": 20000, "reference_to_otr_se_ratio": 0.11820929291505924, "nfe_mean": 190.6724, "elapsed_s": 34889.67734193802, "largest_draw_variance_fraction": 0.9697352286543335, "variance_first_half": 1516.7285385631105, "variance_second_half": 22.825004726230723, "parameter_count": 30, "variance_per_parameter": 25.65907580159602}
